Component: ARM Compiler 5.05 update 1 (build 106) Tool: armlink [4d0efa]

==============================================================================

Section Cross References

    main.o(i.GPIO_Configuration) refers to stm32f10x_rcc.o(i.RCC_APB2PeriphClockCmd) for RCC_APB2PeriphClockCmd
    main.o(i.GPIO_Configuration) refers to stm32f10x_gpio.o(i.GPIO_PinRemapConfig) for GPIO_PinRemapConfig
    main.o(i.GPIO_Configuration) refers to stm32f10x_gpio.o(i.GPIO_Init) for GPIO_Init
    main.o(i.GPIO_Configuration) refers to stm32f10x_gpio.o(i.GPIO_SetBits) for GPIO_SetBits
    main.o(i.OPEN_BC26) refers to noretval__2printf.o(.text) for __2printf
    main.o(i.OPEN_BC26) refers to delay.o(i.delay_ms) for delay_ms
    main.o(i.OPEN_BC26) refers to strstr.o(.text) for strstr
    main.o(i.OPEN_BC26) refers to wdg.o(i.IWDG_Feed) for IWDG_Feed
    main.o(i.OPEN_BC26) refers to usart.o(.bss) for RxBuffer
    main.o(i.PH_Value_Conversion) refers to _printf_percent.o(.ARM.Collect$$_printf_percent$$00000000) for _printf_percent
    main.o(i.PH_Value_Conversion) refers to _printf_f.o(.ARM.Collect$$_printf_percent$$00000003) for _printf_f
    main.o(i.PH_Value_Conversion) refers to printf1.o(x$fpl$printf1) for _printf_fp_dec
    main.o(i.PH_Value_Conversion) refers to adc.o(i.Get_Adc_Average) for Get_Adc_Average
    main.o(i.PH_Value_Conversion) refers to ds18b20.o(i.DS18B20_Get_Temp) for DS18B20_Get_Temp
    main.o(i.PH_Value_Conversion) refers to fflt_clz.o(x$fpl$fflt) for __aeabi_i2f
    main.o(i.PH_Value_Conversion) refers to fdiv.o(x$fpl$fdiv) for __aeabi_fdiv
    main.o(i.PH_Value_Conversion) refers to frleqf.o(x$fpl$frleqf) for __aeabi_cfrcmple
    main.o(i.PH_Value_Conversion) refers to faddsub_clz.o(x$fpl$fsub) for __aeabi_fsub
    main.o(i.PH_Value_Conversion) refers to fmul.o(x$fpl$fmul) for __aeabi_fmul
    main.o(i.PH_Value_Conversion) refers to fflt_clz.o(x$fpl$ffltu) for __aeabi_ui2f
    main.o(i.PH_Value_Conversion) refers to faddsub_clz.o(x$fpl$fadd) for __aeabi_fadd
    main.o(i.PH_Value_Conversion) refers to ffixu.o(x$fpl$ffixu) for __aeabi_f2uiz
    main.o(i.PH_Value_Conversion) refers to f2d.o(x$fpl$f2d) for __aeabi_f2d
    main.o(i.PH_Value_Conversion) refers to dmul.o(x$fpl$dmul) for __aeabi_dmul
    main.o(i.PH_Value_Conversion) refers to d2f.o(x$fpl$d2f) for __aeabi_d2f
    main.o(i.PH_Value_Conversion) refers to daddsub_clz.o(x$fpl$dadd) for __aeabi_dadd
    main.o(i.PH_Value_Conversion) refers to dleqf.o(x$fpl$dleqf) for __aeabi_cdcmple
    main.o(i.PH_Value_Conversion) refers to drleqf.o(x$fpl$drleqf) for __aeabi_cdrcmple
    main.o(i.PH_Value_Conversion) refers to noretval__2printf.o(.text) for __2printf
    main.o(i.PH_Value_Conversion) refers to delay.o(i.delay_ms) for delay_ms
    main.o(i.TEMP_Value_Conversion) refers to _printf_percent.o(.ARM.Collect$$_printf_percent$$00000000) for _printf_percent
    main.o(i.TEMP_Value_Conversion) refers to _printf_f.o(.ARM.Collect$$_printf_percent$$00000003) for _printf_f
    main.o(i.TEMP_Value_Conversion) refers to printf1.o(x$fpl$printf1) for _printf_fp_dec
    main.o(i.TEMP_Value_Conversion) refers to ds18b20.o(i.DS18B20_Get_Temp) for DS18B20_Get_Temp
    main.o(i.TEMP_Value_Conversion) refers to fflt_clz.o(x$fpl$fflt) for __aeabi_i2f
    main.o(i.TEMP_Value_Conversion) refers to f2d.o(x$fpl$f2d) for __aeabi_f2d
    main.o(i.TEMP_Value_Conversion) refers to noretval__2printf.o(.text) for __2printf
    main.o(i.TEMP_Value_Conversion) refers to ffixu.o(x$fpl$ffixu) for __aeabi_f2uiz
    main.o(i.TEMP_Value_Conversion) refers to main.o(.data) for TEMP_Value
    main.o(i.TU_Value_Conversion) refers to _printf_percent.o(.ARM.Collect$$_printf_percent$$00000000) for _printf_percent
    main.o(i.TU_Value_Conversion) refers to _printf_f.o(.ARM.Collect$$_printf_percent$$00000003) for _printf_f
    main.o(i.TU_Value_Conversion) refers to printf1.o(x$fpl$printf1) for _printf_fp_dec
    main.o(i.TU_Value_Conversion) refers to f2d.o(x$fpl$f2d) for __aeabi_f2d
    main.o(i.TU_Value_Conversion) refers to ddiv.o(x$fpl$ddiv) for __aeabi_ddiv
    main.o(i.TU_Value_Conversion) refers to d2f.o(x$fpl$d2f) for __aeabi_d2f
    main.o(i.TU_Value_Conversion) refers to fdiv.o(x$fpl$fdiv) for __aeabi_fdiv
    main.o(i.TU_Value_Conversion) refers to daddsub_clz.o(x$fpl$dsub) for __aeabi_dsub
    main.o(i.TU_Value_Conversion) refers to dmul.o(x$fpl$dmul) for __aeabi_dmul
    main.o(i.TU_Value_Conversion) refers to daddsub_clz.o(x$fpl$dadd) for __aeabi_dadd
    main.o(i.TU_Value_Conversion) refers to fleqf.o(x$fpl$fleqf) for __aeabi_cfcmple
    main.o(i.TU_Value_Conversion) refers to frleqf.o(x$fpl$frleqf) for __aeabi_cfrcmple
    main.o(i.TU_Value_Conversion) refers to noretval__2printf.o(.text) for __2printf
    main.o(i.TU_Value_Conversion) refers to ffixu.o(x$fpl$ffixu) for __aeabi_f2uiz
    main.o(i.TU_Value_Conversion) refers to main.o(.bss) for ADC_ConvertedValueLocal
    main.o(i.TU_Value_Conversion) refers to main.o(.data) for TU
[...]
    i.ADC_SoftwareStartConvCmd               0x080019d6   Section        0  stm32f10x_adc.o(i.ADC_SoftwareStartConvCmd)
    i.ADC_StartCalibration                   0x080019ec   Section        0  stm32f10x_adc.o(i.ADC_StartCalibration)
    i.ADCx_GPIO_Config                       0x080019f8   Section        0  adc.o(i.ADCx_GPIO_Config)
    ADCx_GPIO_Config                         0x080019f9   Thumb Code    32  adc.o(i.ADCx_GPIO_Config)
    i.ADCx_Init                              0x08001a1c   Section        0  adc.o(i.ADCx_Init)
    i.ADCx_Mode_Config                       0x08001a28   Section        0  adc.o(i.ADCx_Mode_Config)
    ADCx_Mode_Config                         0x08001a29   Thumb Code   268  adc.o(i.ADCx_Mode_Config)
    i.BC26_Init                              0x08001b40   Section        0  bc26.o(i.BC26_Init)
    i.BusFault_Handler                       0x08001d40   Section        0  stm32f10x_it.o(i.BusFault_Handler)
    i.Clear_Buffer                           0x08001d44   Section        0  bc26.o(i.Clear_Buffer)
    i.DMA_Cmd                                0x08001d74   Section        0  stm32f10x_dma.o(i.DMA_Cmd)
    i.DMA_DeInit                             0x08001d8c   Section        0  stm32f10x_dma.o(i.DMA_DeInit)
    i.DMA_Init                               0x08001ed8   Section        0  stm32f10x_dma.o(i.DMA_Init)
    i.DS18B20_Check                          0x08001f14   Section        0  ds18b20.o(i.DS18B20_Check)
    i.DS18B20_Get_Temp                       0x08001f78   Section        0  ds18b20.o(i.DS18B20_Get_Temp)
    i.DS18B20_Init                           0x08002004   Section        0  ds18b20.o(i.DS18B20_Init)
    i.DS18B20_Read_Bit                       0x08002044   Section        0  ds18b20.o(i.DS18B20_Read_Bit)
    i.DS18B20_Read_Byte                      0x080020b0   Section        0  ds18b20.o(i.DS18B20_Read_Byte)
    i.DS18B20_Rst                            0x080020d4   Section        0  ds18b20.o(i.DS18B20_Rst)
    i.DS18B20_Start                          0x08002118   Section        0  ds18b20.o(i.DS18B20_Start)
    i.DS18B20_Write_Byte                     0x08002130   Section        0  ds18b20.o(i.DS18B20_Write_Byte)
    i.DebugMon_Handler                       0x080021a4   Section        0  stm32f10x_it.o(i.DebugMon_Handler)
    i.GPIO_Configuration                     0x080021a8   Section        0  main.o(i.GPIO_Configuration)
    i.GPIO_Init                              0x08002200   Section        0  stm32f10x_gpio.o(i.GPIO_Init)
    i.GPIO_PinRemapConfig                    0x08002318   Section        0  stm32f10x_gpio.o(i.GPIO_PinRemapConfig)
    i.GPIO_SetBits                           0x080023a8   Section        0  stm32f10x_gpio.o(i.GPIO_SetBits)
    i.Get_Adc                                0x080023ac   Section        0  adc.o(i.Get_Adc)
    i.Get_Adc_Average                        0x080023e0   Section        0  adc.o(i.Get_Adc_Average)
    i.HardFault_Handler                      0x0800240e   Section        0  stm32f10x_it.o(i.HardFault_Handler)
    i.IWDG_Enable                            0x08002414   Section        0  stm32f10x_iwdg.o(i.IWDG_Enable)
    i.IWDG_Feed                              0x08002424   Section        0  wdg.o(i.IWDG_Feed)
    i.IWDG_Init                              0x0800242c   Section        0  wdg.o(i.IWDG_Init)
    i.IWDG_ReloadCounter                     0x08002450   Section        0  stm32f10x_iwdg.o(i.IWDG_ReloadCounter)
    i.IWDG_SetPrescaler                      0x08002460   Section        0  stm32f10x_iwdg.o(i.IWDG_SetPrescaler)
    i.IWDG_SetReload                         0x0800246c   Section        0  stm32f10x_iwdg.o(i.IWDG_SetReload)
    i.IWDG_WriteAccessCmd                    0x08002478   Section        0  stm32f10x_iwdg.o(i.IWDG_WriteAccessCmd)
    i.MQTT_Init                              0x08002484   Section        0  bc26.o(i.MQTT_Init)
    i.MemManage_Handler                      0x080025d8   Section        0  stm32f10x_it.o(i.MemManage_Handler)
    i.Mqttaliyun_Savedata                    0x080025dc   Section        0  bc26.o(i.Mqttaliyun_Savedata)
    i.NMI_Handler                            0x08002620   Section        0  stm32f10x_it.o(i.NMI_Handler)
    i.NVIC_Init                              0x08002624   Section        0  misc.o(i.NVIC_Init)
    i.NVIC_PriorityGroupConfig               0x08002694   Section        0  misc.o(i.NVIC_PriorityGroupConfig)
    i.OPEN_BC26                              0x080026a8   Section        0  main.o(i.OPEN_BC26)
    i.PH_Value_Conversion                    0x080027ac   Section        0  main.o(i.PH_Value_Conversion)
    i.PendSV_Handler                         0x080028fc   Section        0  stm32f10x_it.o(i.PendSV_Handler)
    i.RCC_ADCCLKConfig                       0x08002900   Section        0  stm32f10x_rcc.o(i.RCC_ADCCLKConfig)
    i.RCC_AHBPeriphClockCmd                  0x08002918   Section        0  stm32f10x_rcc.o(i.RCC_AHBPeriphClockCmd)
    i.RCC_APB1PeriphClockCmd                 0x08002938   Section        0  stm32f10x_rcc.o(i.RCC_APB1PeriphClockCmd)
    i.RCC_APB1PeriphResetCmd                 0x08002958   Section        0  stm32f10x_rcc.o(i.RCC_APB1PeriphResetCmd)
    i.RCC_APB2PeriphClockCmd                 0x08002978   Section        0  stm32f10x_rcc.o(i.RCC_APB2PeriphClockCmd)
    i.RCC_APB2PeriphResetCmd                 0x08002998   Section        0  stm32f10x_rcc.o(i.RCC_APB2PeriphResetCmd)
    i.RCC_GetClocksFreq                      0x080029b8   Section        0  stm32f10x_rcc.o(i.RCC_GetClocksFreq)
    i.SVC_Handler                            0x08002a8c   Section        0  stm32f10x_it.o(i.SVC_Handler)
    i.SetSysClock                            0x08002a8e   Section        0  system_stm32f10x.o(i.SetSysClock)
    SetSysClock                              0x08002a8f   Thumb Code     8  system_stm32f10x.o(i.SetSysClock)
    i.SetSysClockTo72                        0x08002a98   Section        0  system_stm32f10x.o(i.SetSysClockTo72)
    SetSysClockTo72                          0x08002a99   Thumb Code   214  system_stm32f10x.o(i.SetSysClockTo72)
    i.SysTick_CLKSourceConfig                0x08002b78   Section        0  misc.o(i.SysTick_CLKSourceConfig)
    i.SysTick_Handler                        0x08002ba0   Section        0  stm32f10x_it.o(i.SysTick_Handler)
    i.SystemInit                             0x08002ba4   Section        0  system_stm32f10x.o(i.SystemInit)
    i.TEMP_Value_Conversion                  0x08002c04   Section        0  main.o(i.TEMP_Value_Conversion)
    i.TIM3_IRQHandler                        0x08002c48   Section        0  timer.o(i.TIM3_IRQHandler)
    i.TIM4_IRQHandler                        0x08002c90   Section        0  timer.o(i.TIM4_IRQHandler)
    i.TIM_ClearITPendingBit                  0x08002cac   Section        0  stm32f10x_tim.o(i.TIM_ClearITPendingBit)
    i.TIM_Cmd                                0x08002cb2   Section        0  stm32f10x_tim.o(i.TIM_Cmd)
    i.TIM_GetITStatus                        0x08002cca   Section        0  stm32f10x_tim.o(i.TIM_GetITStatus)
    i.TU_Value_Conversion                    0x08002cec   Section        0  main.o(i.TU_Value_Conversion)
    i.USART1_IRQHandler                      0x08002e14   Section        0  usart.o(i.USART1_IRQHandler)
    i.USART2_IRQHandler                      0x08002e30   Section        0  usart.o(i.USART2_IRQHandler)
    i.USART3_IRQHandler                      0x08002e7c   Section        0  usart.o(i.USART3_IRQHandler)
    i.USART_Cmd                              0x08002e98   Section        0  stm32f10x_usart.o(i.USART_Cmd)
    i.USART_DeInit                           0x08002eb0   Section        0  stm32f10x_usart.o(i.USART_DeInit)
    i.USART_GetITStatus                      0x08002f4c   Section        0  stm32f10x_usart.o(i.USART_GetITStatus)
    i.USART_ITConfig                         0x08002fa0   Section        0  stm32f10x_usart.o(i.USART_ITConfig)
    i.USART_Init                             0x08002fec   Section        0  stm32f10x_usart.o(i.USART_Init)
    i.USART_ReceiveData                      0x080030c4   Section        0  stm32f10x_usart.o(i.USART_ReceiveData)
    i.Uart1_SendStr                          0x080030d0   Section        0  usart.o(i.Uart1_SendStr)
    i.UsageFault_Handler                     0x080030f8   Section        0  stm32f10x_it.o(i.UsageFault_Handler)
    i.__ARM_fpclassify                       0x080030fc   Section        0  fpclassify.o(i.__ARM_fpclassify)
    i._is_digit                              0x08003124   Section        0  __printf_wp.o(i._is_digit)
    i._sys_exit                              0x08003132   Section        0  usart.o(i._sys_exit)
    i.aliyunMQTT_PUBdata                     0x08003138   Section        0  bc26.o(i.aliyunMQTT_PUBdata)
    i.delay_init                             0x0800321c   Section        0  delay.o(i.delay_init)
    i.delay_ms                               0x08003260   Section        0  delay.o(i.delay_ms)
    i.delay_us                               0x080032ac   Section        0  delay.o(i.delay_us)
    i.fputc                                  0x080032f8   Section        0  usart.o(i.fputc)
    i.main                                   0x08003314   Section        0  main.o(i.main)
    i.uart2_init                             0x0800342c   Section        0  usart.o(i.uart2_init)
    i.uart_init                              0x080034d4   Section        0  usart.o(i.uart_init)
    locale$$code                             0x0800357c   Section       44  lc_numeric_c.o(locale$$code)
    locale$$code                             0x080035a8   Section       44  lc_ctype_c.o(locale$$code)
    x$fpl$d2f                                0x080035d4   Section       98  d2f.o(x$fpl$d2f)
    x$fpl$dadd                               0x08003638   Section      336  daddsub_clz.o(x$fpl$dadd)
    _dadd1                                   0x08003649   Thumb Code     0  daddsub_clz.o(x$fpl$dadd)
    x$fpl$dcmpinf                            0x08003788   Section       24  dcmpi.o(x$fpl$dcmpinf)
    x$fpl$ddiv                               0x080037a0   Section      688  ddiv.o(x$fpl$ddiv)
    ddiv_entry                               0x080037a7   Thumb Code     0  ddiv.o(x$fpl$ddiv)
    x$fpl$dfix                               0x08003a50   Section       94  dfix.o(x$fpl$dfix)
    x$fpl$dleqf                              0x08003ab0   Section      120  dleqf.o(x$fpl$dleqf)
    x$fpl$dmul                               0x08003b28   Section      340  dmul.o(x$fpl$dmul)
    x$fpl$dnaninf                            0x08003c7c   Section      156  dnaninf.o(x$fpl$dnaninf)
    x$fpl$dretinf                            0x08003d18   Section       12  dretinf.o(x$fpl$dretinf)
    x$fpl$drleqf                             0x08003d24   Section      108  drleqf.o(x$fpl$drleqf)
    x$fpl$dsub                               0x08003d90   Section      468  daddsub_clz.o(x$fpl$dsub)
    _dsub1                                   0x08003da1   Thumb Code     0  daddsub_clz.o(x$fpl$dsub)
    x$fpl$f2d                                0x08003f64   Section       86  f2d.o(x$fpl$f2d)
    x$fpl$fadd                               0x08003fbc   Section      196  faddsub_clz.o(x$fpl$fadd)
    _fadd1                                   0x08003fcb   Thumb Code     0  faddsub_clz.o(x$fpl$fadd)
    x$fpl$fcmpinf                            0x08004080   Section       24  fcmpi.o(x$fpl$fcmpinf)
    x$fpl$fdiv                               0x08004098   Section      388  fdiv.o(x$fpl$fdiv)
    _fdiv1                                   0x08004099   Thumb Code     0  fdiv.o(x$fpl$fdiv)
    x$fpl$ffixu                              0x0800421c   Section       62  ffixu.o(x$fpl$ffixu)
    x$fpl$fflt                               0x0800425c   Section       48  fflt_clz.o(x$fpl$fflt)
    x$fpl$ffltu                              0x0800428c   Section       38  fflt_clz.o(x$fpl$ffltu)
    x$fpl$fleqf                              0x080042b4   Section      104  fleqf.o(x$fpl$fleqf)
    x$fpl$fmul                               0x0800431c   Section      258  fmul.o(x$fpl$fmul)
    x$fpl$fnaninf                            0x0800441e   Section      140  fnaninf.o(x$fpl$fnaninf)
    x$fpl$fretinf                            0x080044aa   Section       10  fretinf.o(x$fpl$fretinf)
    x$fpl$frleqf                             0x080044b4   Section       98  frleqf.o(x$fpl$frleqf)
    x$fpl$fsub                               0x08004518   Section      234  faddsub_clz.o(x$fpl$fsub)
    _fsub1                                   0x08004527   Thumb Code     0  faddsub_clz.o(x$fpl$fsub)
    x$fpl$printf1                            0x08004602   Section        4  printf1.o(x$fpl$printf1)
    x$fpl$usenofp                            0x08004606   Section        0  usenofp.o(x$fpl$usenofp)
    .constdata                               0x08004608   Section        8  _printf_wctomb.o(.constdata)
    initial_mbstate                          0x08004608   Data           8  _printf_wctomb.o(.constdata)
    .constdata                               0x08004610   Section       40  _printf_hex_int.o(.constdata)
    uc_hextab                                0x08004610   Data          20  _printf_hex_int.o(.constdata)
    lc_hextab                                0x08004624   Data          20  _printf_hex_int.o(.constdata)
    .constdata                               0x08004638   Section       17  __printf_flags_ss_wp.o(.constdata)
    maptable                                 0x08004638   Data          17  __printf_flags_ss_wp.o(.constdata)
    .constdata                               0x0800464c   Section      148  bigflt0.o(.constdata)
    tenpwrs_x                                0x0800464c   Data          60  bigflt0.o(.constdata)
    tenpwrs_i                                0x08004688   Data          64  bigflt0.o(.constdata)
    .conststring                             0x080046e0   Section      160  bc26.o(.conststring)
    locale$$data                             0x080047a0   Section       28  lc_numeric_c.o(locale$$data)
    __lcnum_c_name                           0x080047a4   Data           2  lc_numeric_c.o(locale$$data)
    __lcnum_c_start                          0x080047ac   Data           0  lc_numeric_c.o(locale$$data)
    __lcnum_c_point                          0x080047b8   Data           0  lc_numeric_c.o(locale$$data)
    __lcnum_c_thousands                      0x080047ba   Data           0  lc_numeric_c.o(locale$$data)
    __lcnum_c_grouping                       0x080047bb   Data           0  lc_numeric_c.o(locale$$data)
    locale$$data                             0x080047bc   Section      272  lc_ctype_c.o(locale$$data)
    __lcnum_c_end                            0x080047bc   Data           0  lc_numeric_c.o(locale$$data)
    __lcctype_c_name                         0x080047c0   Data           2  lc_ctype_c.o(locale$$data)
    __lcctype_c_start                        0x080047c8   Data           0  lc_ctype_c.o(locale$$data)
    __lcctype_c_end                          0x080048cc   Data           0  lc_ctype_c.o(locale$$data)
    .data                                    0x20000000   Section       80  main.o(.data)
    .data                                    0x20000050   Section       20  system_stm32f10x.o(.data)
    .data                                    0x20000064   Section        4  delay.o(.data)
    fac_us                                   0x20000064   Data           1  delay.o(.data)
    fac_ms                                   0x20000066   Data           2  delay.o(.data)
    .data                                    0x20000068   Section       12  usart.o(.data)
    .data                                    0x20000074   Section       20  stm32f10x_rcc.o(.data)
    APBAHBPrescTable                         0x20000074   Data          16  stm32f10x_rcc.o(.data)
    ADCPrescTable                            0x20000084   Data           4  stm32f10x_rcc.o(.data)
    .data                                    0x20000088   Section        8  adc.o(.data)
    .data                                    0x20000090   Section        8  bc26.o(.data)
    .data                                    0x20000098   Section        2  timer.o(.data)
    .bss                                     0x2000009c   Section       16  main.o(.bss)
    .bss                                     0x200000ac   Section      200  usart.o(.bss)
    .bss                                     0x20000174   Section      115  bc26.o(.bss)
    .bss                                     0x200001e8   Section       96  libspace.o(.bss)
    HEAP                                     0x20000248   Section      512  startup_stm32f10x_hd.o(HEAP)
    Heap_Mem                                 0x20000248   Data         512  startup_stm32f10x_hd.o(HEAP)
    STACK                                    0x20000448   Section     1024  startup_stm32f10x_hd.o(STACK)
    Stack_Mem                                0x20000448   Data        1024  startup_stm32f10x_hd.o(STACK)
    __initial_sp                             0x20000848   Data           0  startup_stm32f10x_hd.o(STACK)

    Global Symbols

    Symbol Name                              Value     Ov Type        Size  Object(Section)

    BuildAttributes$$THM_ISAv4$P$D$K$B$S$PE$A:L22UL41UL21$X:L11$S22US41US21$IEEE1$IW$USESV6$~STKCKD$USESV7$~SHL$OTIME$ROPI$IEEEJ$EBA8$UX$STANDARDLIB$REQ8$PRES8$EABIv2 0x00000000   Number         0  anon$$obj.o ABSOLUTE
    __ARM_use_no_argv                        0x00000000   Number         0  main.o ABSOLUTE
    _printf_flags                            0x00000000   Number         0  printf_stubs.o ABSOLUTE
    _printf_return_value                     0x00000000   Number         0  printf_stubs.o ABSOLUTE
    _printf_sizespec                         0x00000000   Number         0  printf_stubs.o ABSOLUTE
    _printf_widthprec                        0x00000000   Number         0  printf_stubs.o ABSOLUTE
    __ARM_exceptions_init                     - Undefined Weak Reference
    __alloca_initialize                       - Undefined Weak Reference
    __arm_preinit_                            - Undefined Weak Reference
    __cpp_initialize__aeabi_                  - Undefined Weak Reference
    __cxa_finalize                            - Undefined Weak Reference
    __sigvec_lookup                           - Undefined Weak Reference
    _atexit_init                              - Undefined Weak Reference
    _call_atexit_fns                          - Undefined Weak Reference
    _clock_init                               - Undefined Weak Reference
    _fp_trap_init                             - Undefined Weak Reference
    _fp_trap_shutdown                         - Undefined Weak Reference
    _get_lc_collate                           - Undefined Weak Reference
    _get_lc_monetary                          - Undefined Weak Reference
    _get_lc_time                              - Undefined Weak Reference
    _getenv_init                              - Undefined Weak Reference
    _handle_redirection                       - Undefined Weak Reference
    _init_alloc                               - Undefined Weak Reference
    _init_user_alloc                          - Undefined Weak Reference
    _initio                                   - Undefined Weak Reference
    _mutex_acquire                            - Undefined Weak Reference
    _mutex_release                            - Undefined Weak Reference
    _printf_mbtowc                            - Undefined Weak Reference
    _printf_wc                                - Undefined Weak Reference
    _rand_init                                - Undefined Weak Reference
    _signal_finish                            - Undefined Weak Reference
    _signal_init                              - Undefined Weak Reference
    _terminate_alloc                          - Undefined Weak Reference
    _terminate_user_alloc                     - Undefined Weak Reference
    _terminateio                              - Undefined Weak Reference
    __Vectors_Size                           0x00000130   Number         0  startup_stm32f10x_hd.o ABSOLUTE
    __Vectors                                0x08000000   Data           4  startup_stm32f10x_hd.o(RESET)
    __Vectors_End                            0x08000130   Data           0  startup_stm32f10x_hd.o(RESET)
    __main                                   0x08000131   Thumb Code     8  __main.o(!!!main)
    __scatterload                            0x08000139   Thumb Code     0  __scatter.o(!!!scatter)
    __scatterload_rt2                        0x08000139   Thumb Code    44  __scatter.o(!!!scatter)
    __scatterload_rt2_thumb_only             0x08000139   Thumb Code     0  __scatter.o(!!!scatter)
    __scatterload_null                       0x08000147   Thumb Code     0  __scatter.o(!!!scatter)
    __scatterload_copy                       0x0800016d   Thumb Code    26  __scatter_copy.o(!!handler_copy)
    __scatterload_zeroinit                   0x08000189   Thumb Code    28  __scatter_zi.o(!!handler_zi)
    _printf_f                                0x080001a5   Thumb Code     0  _printf_f.o(.ARM.Collect$$_printf_percent$$00000003)
    _printf_percent                          0x080001a5   Thumb Code     0  _printf_percent.o(.ARM.Collect$$_printf_percent$$00000000)
    _printf_i                                0x080001ab   Thumb Code     0  _printf_i.o(.ARM.Collect$$_printf_percent$$00000008)
    _printf_d                                0x080001b1   Thumb Code     0  _printf_d.o(.ARM.Collect$$_printf_percent$$00000009)
    _printf_u                                0x080001b7   Thumb Code     0  _printf_u.o(.ARM.Collect$$_printf_percent$$0000000A)
    _printf_o                                0x080001bd   Thumb Code     0  _printf_o.o(.ARM.Collect$$_printf_percent$$0000000B)
    _printf_x                                0x080001c3   Thumb Code     0  _printf_x.o(.ARM.Collect$$_printf_percent$$0000000C)
    _printf_l                                0x080001c9   Thumb Code     0  _printf_l.o(.ARM.Collect$$_printf_percent$$00000012)
    _printf_c                                0x080001d3   Thumb Code     0  _printf_c.o(.ARM.Collect$$_printf_percent$$00000013)
    _printf_s                                0x080001d9   Thumb Code     0  _printf_s.o(.ARM.Collect$$_printf_percent$$00000014)
    _printf_lc                               0x080001df   Thumb Code     0  _printf_lc.o(.ARM.Collect$$_printf_percent$$00000015)
    _printf_percent_end                      0x080001e5   Thumb Code     0  _printf_percent_end.o(.ARM.Collect$$_printf_percent$$00000017)
    __rt_lib_init                            0x080001e9   Thumb Code     0  libinit.o(.ARM.Collect$$libinit$$00000000)
    __rt_lib_init_fp_1                       0x080001eb   Thumb Code     0  libinit2.o(.ARM.Collect$$libinit$$00000002)
    __rt_lib_init_heap_1                     0x080001eb   Thumb Code     0  libinit2.o(.ARM.Collect$$libinit$$0000000A)
    __rt_lib_init_lc_common                  0x080001eb   Thumb Code     0  libinit2.o(.ARM.Collect$$libinit$$0000000F)
    __rt_lib_init_preinit_1                  0x080001eb   Thumb Code     0  libinit2.o(.ARM.Collect$$libinit$$00000004)
    __rt_lib_init_rand_1                     0x080001eb   Thumb Code     0  libinit2.o(.ARM.Collect$$libinit$$0000000E)
    __rt_lib_init_user_alloc_1               0x080001eb   Thumb Code     0  libinit2.o(.ARM.Collect$$libinit$$0000000C)
    __rt_lib_init_lc_collate_1               0x080001f1   Thumb Code     0  libinit2.o(.ARM.Collect$$libinit$$00000011)
    __rt_lib_init_lc_ctype_2                 0x080001f1   Thumb Code     0  libinit2.o(.ARM.Collect$$libinit$$00000012)
    __rt_lib_init_lc_ctype_1                 0x080001fd   Thumb Code     0  libinit2.o(.ARM.Collect$$libinit$$00000013)
    __rt_lib_init_lc_monetary_1              0x080001fd   Thumb Code     0  libinit2.o(.ARM.Collect$$libinit$$00000015)
    __rt_lib_init_lc_numeric_2               0x080001fd   Thumb Code     0  libinit2.o(.ARM.Collect$$libinit$$00000016)
    __rt_lib_init_alloca_1                   0x08000207   Thumb Code     0  libinit2.o(.ARM.Collect$$libinit$$0000002E)
    __rt_lib_init_argv_1                     0x08000207   Thumb Code     0  libinit2.o(.ARM.Collect$$libinit$$0000002C)
    __rt_lib_init_atexit_1                   0x08000207   Thumb Code     0  libinit2.o(.ARM.Collect$$libinit$$0000001B)
    __rt_lib_init_clock_1                    0x08000207   Thumb Code     0  libinit2.o(.ARM.Collect$$libinit$$00000021)
    __rt_lib_init_cpp_1                      0x08000207   Thumb Code     0  libinit2.o(.ARM.Collect$$libinit$$00000032)
    __rt_lib_init_exceptions_1               0x08000207   Thumb Code     0  libinit2.o(.ARM.Collect$$libinit$$00000030)
    __rt_lib_init_fp_trap_1                  0x08000207   Thumb Code     0  libinit2.o(.ARM.Collect$$libinit$$0000001F)
    __rt_lib_init_getenv_1                   0x08000207   Thumb Code     0  libinit2.o(.ARM.Collect$$libinit$$00000023)
    __rt_lib_init_lc_numeric_1               0x08000207   Thumb Code     0  libinit2.o(.ARM.Collect$$libinit$$00000017)
    __rt_lib_init_lc_time_1                  0x08000207   Thumb Code     0  libinit2.o(.ARM.Collect$$libinit$$00000019)
    __rt_lib_init_return                     0x08000207   Thumb Code     0  libinit2.o(.ARM.Collect$$libinit$$00000033)
    __rt_lib_init_signal_1                   0x08000207   Thumb Code     0  libinit2.o(.ARM.Collect$$libinit$$0000001D)
    __rt_lib_init_stdio_1                    0x08000207   Thumb Code     0  libinit2.o(.ARM.Collect$$libinit$$00000025)
    __rt_lib_shutdown                        0x08000209   Thumb Code     0  libshutdown.o(.ARM.Collect$$libshutdown$$00000000)
    __rt_lib_shutdown_fp_trap_1              0x0800020b   Thumb Code     0  libshutdown2.o(.ARM.Collect$$libshutdown$$00000006)
    __rt_lib_shutdown_heap_1                 0x0800020b   Thumb Code     0  libshutdown2.o(.ARM.Collect$$libshutdown$$0000000E)
    __rt_lib_shutdown_return                 0x0800020b   Thumb Code     0  libshutdown2.o(.ARM.Collect$$libshutdown$$0000000F)
    __rt_lib_shutdown_signal_1               0x0800020b   Thumb Code     0  libshutdown2.o(.ARM.Collect$$libshutdown$$00000009)
    __rt_lib_shutdown_stdio_1                0x0800020b   Thumb Code     0  libshutdown2.o(.ARM.Collect$$libshutdown$$00000003)
    __rt_lib_shutdown_user_alloc_1           0x0800020b   Thumb Code     0  libshutdown2.o(.ARM.Collect$$libshutdown$$0000000B)
    __rt_entry                               0x0800020d   Thumb Code     0  __rtentry.o(.ARM.Collect$$rtentry$$00000000)
    __rt_entry_presh_1                       0x0800020d   Thumb Code     0  __rtentry2.o(.ARM.Collect$$rtentry$$00000002)
    __rt_entry_sh                            0x0800020d   Thumb Code     0  __rtentry4.o(.ARM.Collect$$rtentry$$00000004)
    __rt_entry_li                            0x08000213   Thumb Code     0  __rtentry2.o(.ARM.Collect$$rtentry$$0000000A)
    __rt_entry_postsh_1                      0x08000213   Thumb Code     0  __rtentry2.o(.ARM.Collect$$rtentry$$00000009)
    __rt_entry_main                          0x08000217   Thumb Code     0  __rtentry2.o(.ARM.Collect$$rtentry$$0000000D)
    __rt_entry_postli_1                      0x08000217   Thumb Code     0  __rtentry2.o(.ARM.Collect$$rtentry$$0000000C)
    __rt_exit                                0x0800021f   Thumb Code     0  rtexit.o(.ARM.Collect$$rtexit$$00000000)
    __rt_exit_ls                             0x08000221   Thumb Code     0  rtexit2.o(.ARM.Collect$$rtexit$$00000003)
    __rt_exit_prels_1                        0x08000221   Thumb Code     0  rtexit2.o(.ARM.Collect$$rtexit$$00000002)
    __rt_exit_exit                           0x08000225   Thumb Code     0  rtexit2.o(.ARM.Collect$$rtexit$$00000004)
    Reset_Handler                            0x0800022d   Thumb Code     8  startup_stm32f10x_hd.o(.text)
    ADC1_2_IRQHandler                        0x08000247   Thumb Code     0  startup_stm32f10x_hd.o(.text)
    ADC3_IRQHandler                          0x08000247   Thumb Code     0  startup_stm32f10x_hd.o(.text)
    CAN1_RX1_IRQHandler                      0x08000247   Thumb Code     0  startup_stm32f10x_hd.o(.text)
    CAN1_SCE_IRQHandler                      0x08000247   Thumb Code     0  startup_stm32f10x_hd.o(.text)
    DMA1_Channel1_IRQHandler                 0x08000247   Thumb Code     0  startup_stm32f10x_hd.o(.text)
    DMA1_Channel2_IRQHandler                 0x08000247   Thumb Code     0  startup_stm32f10x_hd.o(.text)
    DMA1_Channel3_IRQHandler                 0x08000247   Thumb Code     0  startup_stm32f10x_hd.o(.text)
    DMA1_Channel4_IRQHandler                 0x08000247   Thumb Code     0  startup_stm32f10x_hd.o(.text)
    DMA1_Channel5_IRQHandler                 0x08000247   Thumb Code     0  startup_stm32f10x_hd.o(.text)
    DMA1_Channel6_IRQHandler                 0x08000247   Thumb Code     0  startup_stm32f10x_hd.o(.text)
    DMA1_Channel7_IRQHandler                 0x08000247   Thumb Code     0  startup_stm32f10x_hd.o(.text)
    DMA2_Channel1_IRQHandler                 0x08000247   Thumb Code     0  startup_stm32f10x_hd.o(.text)
    DMA2_Channel2_IRQHandler                 0x08000247   Thumb Code     0  startup_stm32f10x_hd.o(.text)
    DMA2_Channel3_IRQHandler                 0x08000247   Thumb Code     0  startup_stm32f10x_hd.o(.text)
    DMA2_Channel4_5_IRQHandler               0x08000247   Thumb Code     0  startup_stm32f10x_hd.o(.text)
    EXTI0_IRQHandler                         0x08000247   Thumb Code     0  startup_stm32f10x_hd.o(.text)
    EXTI15_10_IRQHandler                     0x08000247   Thumb Code     0  startup_stm32f10x_hd.o(.text)
    EXTI1_IRQHandler                         0x08000247   Thumb Code     0  startup_stm32f10x_hd.o(.text)
    EXTI2_IRQHandler                         0x08000247   Thumb Code     0  startup_stm32f10x_hd.o(.text)
    EXTI3_IRQHandler                         0x08000247   Thumb Code     0  startup_stm32f10x_hd.o(.text)
    EXTI4_IRQHandler                         0x08000247   Thumb Code     0  startup_stm32f10x_hd.o(.text)
    EXTI9_5_IRQHandler                       0x08000247   Thumb Code     0  startup_stm32f10x_hd.o(.text)
    FLASH_IRQHandler                         0x08000247   Thumb Code     0  startup_stm32f10x_hd.o(.text)
    FSMC_IRQHandler                          0x08000247   Thumb Code     0  startup_stm32f10x_hd.o(.text)
    I2C1_ER_IRQHandler                       0x08000247   Thumb Code     0  startup_stm32f10x_hd.o(.text)
    I2C1_EV_IRQHandler                       0x08000247   Thumb Code     0  startup_stm32f10x_hd.o(.text)
    I2C2_ER_IRQHandler                       0x08000247   Thumb Code     0  startup_stm32f10x_hd.o(.text)
    I2C2_EV_IRQHandler                       0x08000247   Thumb Code     0  startup_stm32f10x_hd.o(.text)
    PVD_IRQHandler                           0x08000247   Thumb Code     0  startup_stm32f10x_hd.o(.text)
    RCC_IRQHandler                           0x08000247   Thumb Code     0  startup_stm32f10x_hd.o(.text)
    RTCAlarm_IRQHandler                      0x08000247   Thumb Code     0  startup_stm32f10x_hd.o(.text)
    RTC_IRQHandler                           0x08000247   Thumb Code     0  startup_stm32f10x_hd.o(.text)
    SDIO_IRQHandler                          0x08000247   Thumb Code     0  startup_stm32f10x_hd.o(.text)
    SPI1_IRQHandler                          0x08000247   Thumb Code     0  startup_stm32f10x_hd.o(.text)
    SPI2_IRQHandler                          0x08000247   Thumb Code     0  startup_stm32f10x_hd.o(.text)
    SPI3_IRQHandler                          0x08000247   Thumb Code     0  startup_stm32f10x_hd.o(.text)
    TAMPER_IRQHandler                        0x08000247   Thumb Code     0  startup_stm32f10x_hd.o(.text)
    TIM1_BRK_IRQHandler                      0x08000247   Thumb Code     0  startup_stm32f10x_hd.o(.text)
    TIM1_CC_IRQHandler                       0x08000247   Thumb Code     0  startup_stm32f10x_hd.o(.text)
    TIM1_TRG_COM_IRQHandler                  0x08000247   Thumb Code     0  startup_stm32f10x_hd.o(.text)
    TIM1_UP_IRQHandler                       0x08000247   Thumb Code     0  startup_stm32f10x_hd.o(.text)
    TIM2_IRQHandler                          0x08000247   Thumb Code     0  startup_stm32f10x_hd.o(.text)
    TIM5_IRQHandler                          0x08000247   Thumb Code     0  startup_stm32f10x_hd.o(.text)
    TIM6_IRQHandler                          0x08000247   Thumb Code     0  startup_stm32f10x_hd.o(.text)
    TIM7_IRQHandler                          0x08000247   Thumb Code     0  startup_stm32f10x_hd.o(.text)
    TIM8_BRK_IRQHandler                      0x08000247   Thumb Code     0  startup_stm32f10x_hd.o(.text)
    TIM8_CC_IRQHandler                       0x08000247   Thumb Code     0  startup_stm32f10x_hd.o(.text)
    TIM8_TRG_COM_IRQHandler                  0x08000247   Thumb Code     0  startup_stm32f10x_hd.o(.text)
    TIM8_UP_IRQHandler                       0x08000247   Thumb Code     0  startup_stm32f10x_hd.o(.text)
    UART4_IRQHandler                         0x08000247   Thumb Code     0  startup_stm32f10x_hd.o(.text)
    UART5_IRQHandler                         0x08000247   Thumb Code     0  startup_stm32f10x_hd.o(.text)
    USBWakeUp_IRQHandler                     0x08000247   Thumb Code     0  startup_stm32f10x_hd.o(.text)
    USB_HP_CAN1_TX_IRQHandler                0x08000247   Thumb Code     0  startup_stm32f10x_hd.o(.text)
    USB_LP_CAN1_RX0_IRQHandler               0x08000247   Thumb Code     0  startup_stm32f10x_hd.o(.text)
    WWDG_IRQHandler                          0x08000247   Thumb Code     0  startup_stm32f10x_hd.o(.text)
    __user_initial_stackheap                 0x08000249   Thumb Code     0  startup_stm32f10x_hd.o(.text)
    __use_no_semihosting                     0x0800026d   Thumb Code     2  use_no_semi_2.o(.text)
    __2printf                                0x08000271   Thumb Code    20  noretval__2printf.o(.text)
    __2sprintf                               0x08000289   Thumb Code    34  noretval__2sprintf.o(.text)
    _printf_pre_padding                      0x080002b1   Thumb Code    44  _printf_pad.o(.text)
    _printf_post_padding                     0x080002dd   Thumb Code    34  _printf_pad.o(.text)
    _printf_truncate_signed                  0x080002ff   Thumb Code    18  _printf_truncate.o(.text)
    _printf_truncate_unsigned                0x08000311   Thumb Code    18  _printf_truncate.o(.text)
    _printf_str                              0x08000323   Thumb Code    82  _printf_str.o(.text)
    _printf_int_dec                          0x08000375   Thumb Code   104  _printf_dec.o(.text)
    _printf_wctomb                           0x080003ed   Thumb Code   182  _printf_wctomb.o(.text)
    _printf_int_oct                          0x080004a9   Thumb Code    74  _printf_oct_int.o(.text)
    _printf_longlong_oct                     0x080004a9   Thumb Code     0  _printf_oct_int.o(.text)
    _printf_int_hex                          0x080004fd   Thumb Code    84  _printf_hex_int.o(.text)
    _printf_longlong_hex                     0x080004fd   Thumb Code     0  _printf_hex_int.o(.text)
    __printf                                 0x08000555   Thumb Code   388  __printf_flags_ss_wp.o(.text)
    strstr                                   0x080006dd   Thumb Code    36  strstr.o(.text)
    strlen                                   0x08000701   Thumb Code    62  strlen.o(.text)
    __aeabi_memcpy                           0x0800073f   Thumb Code     0  rt_memcpy_v6.o(.text)
    __rt_memcpy                              0x0800073f   Thumb Code   138  rt_memcpy_v6.o(.text)
    _memcpy_lastbytes                        0x080007a5   Thumb Code     0  rt_memcpy_v6.o(.text)
    __aeabi_memcpy4                          0x080007c9   Thumb Code     0  rt_memcpy_w.o(.text)
    __aeabi_memcpy8                          0x080007c9   Thumb Code     0  rt_memcpy_w.o(.text)
    __rt_memcpy_w                            0x080007c9   Thumb Code   100  rt_memcpy_w.o(.text)
    _memcpy_lastbytes_aligned                0x08000811   Thumb Code     0  rt_memcpy_w.o(.text)
    __use_two_region_memory                  0x0800082d   Thumb Code     2  heapauxi.o(.text)
    __rt_heap_escrow$2region                 0x0800082f   Thumb Code     2  heapauxi.o(.text)
    __rt_heap_expand$2region                 0x08000831   Thumb Code     2  heapauxi.o(.text)
    __I$use$semihosting                      0x08000833   Thumb Code     0  use_no_semi.o(.text)
    __use_no_semihosting_swi                 0x08000833   Thumb Code     2  use_no_semi.o(.text)
    _printf_int_common                       0x08000835   Thumb Code   178  _printf_intcommon.o(.text)
    __lib_sel_fp_printf                      0x080008e7   Thumb Code     2  _printf_fp_dec.o(.text)
    _printf_fp_dec_real                      0x08000a95   Thumb Code   620  _printf_fp_dec.o(.text)
    _printf_char_common                      0x08000d0b   Thumb Code    32  _printf_char_common.o(.text)
    _sputc                                   0x08000d31   Thumb Code    10  _sputc.o(.text)
    _printf_cs_common                        0x08000d3b   Thumb Code    20  _printf_char.o(.text)
    _printf_char                             0x08000d4f   Thumb Code    16  _printf_char.o(.text)
    _printf_string                           0x08000d5f   Thumb Code     8  _printf_char.o(.text)
    _printf_char_file                        0x08000d69   Thumb Code    32  _printf_char_file.o(.text)
    _printf_lcs_common                       0x08000d8d   Thumb Code    20  _printf_wchar.o(.text)
    _printf_wchar                            0x08000da1   Thumb Code    16  _printf_wchar.o(.text)
    _printf_wstring                          0x08000db1   Thumb Code     8  _printf_wchar.o(.text)
    _wcrtomb                                 0x08000db9   Thumb Code    64  _wcrtomb.o(.text)
    __rt_ctype_table                         0x08000df9   Thumb Code    16  rt_ctype_table.o(.text)
    __rt_locale                              0x08000e09   Thumb Code     8  rt_locale_intlibspace.o(.text)
    _ll_udiv10                               0x08000e11   Thumb Code   138  lludiv10.o(.text)
    _printf_fp_infnan                        0x08000e9d   Thumb Code   112  _printf_fp_infnan.o(.text)
    _btod_etento                             0x08000f1d   Thumb Code   216  bigflt0.o(.text)
    ferror                                   0x08000ff9   Thumb Code     8  ferror.o(.text)
    __user_libspace                          0x08001001   Thumb Code     8  libspace.o(.text)
    __user_perproc_libspace                  0x08001001   Thumb Code     0  libspace.o(.text)
    __user_perthread_libspace                0x08001001   Thumb Code     0  libspace.o(.text)
    __user_setup_stackheap                   0x08001009   Thumb Code    74  sys_stackheap_outer.o(.text)
    exit                                     0x08001053   Thumb Code    12  exit.o(.text)
    strcmp                                   0x08001061   Thumb Code   128  strcmpv7m.o(.text)
    _btod_d2e                                0x080010e1   Thumb Code    62  btod.o(CL$$btod_d2e)
    _d2e_denorm_low                          0x0800111f   Thumb Code    70  btod.o(CL$$btod_d2e_denorm_low)
    _d2e_norm_op1                            0x08001165   Thumb Code    96  btod.o(CL$$btod_d2e_norm_op1)
    __btod_div_common                        0x080011c5   Thumb Code   696  btod.o(CL$$btod_div_common)
    _e2e                                     0x080014fd   Thumb Code   198  btod.o(CL$$btod_e2e)
    _btod_ediv                               0x080015c3   Thumb Code    40  btod.o(CL$$btod_ediv)
    _btod_emul                               0x080015eb   Thumb Code    40  btod.o(CL$$btod_emul)
    __btod_mult_common                       0x08001613   Thumb Code   580  btod.o(CL$$btod_mult_common)
    ADC_Cmd                                  0x08001857   Thumb Code    22  stm32f10x_adc.o(i.ADC_Cmd)
    ADC_DMACmd                               0x0800186d   Thumb Code    22  stm32f10x_adc.o(i.ADC_DMACmd)
    ADC_GetCalibrationStatus                 0x08001883   Thumb Code    20  stm32f10x_adc.o(i.ADC_GetCalibrationStatus)
    ADC_GetConversionValue                   0x08001897   Thumb Code     8  stm32f10x_adc.o(i.ADC_GetConversionValue)
    ADC_GetFlagStatus                        0x0800189f   Thumb Code    18  stm32f10x_adc.o(i.ADC_GetFlagStatus)
    ADC_GetResetCalibrationStatus            0x080018b1   Thumb Code    20  stm32f10x_adc.o(i.ADC_GetResetCalibrationStatus)
    ADC_Init                                 0x080018c5   Thumb Code    70  stm32f10x_adc.o(i.ADC_Init)
    ADC_RegularChannelConfig                 0x08001915   Thumb Code   184  stm32f10x_adc.o(i.ADC_RegularChannelConfig)
    ADC_ResetCalibration                     0x080019cd   Thumb Code    10  stm32f10x_adc.o(i.ADC_ResetCalibration)
    ADC_SoftwareStartConvCmd                 0x080019d7   Thumb Code    22  stm32f10x_adc.o(i.ADC_SoftwareStartConvCmd)
    ADC_StartCalibration                     0x080019ed   Thumb Code    10  stm32f10x_adc.o(i.ADC_StartCalibration)
    ADCx_Init                                0x08001a1d   Thumb Code    12  adc.o(i.ADCx_Init)
    BC26_Init                                0x08001b41   Thumb Code   372  bc26.o(i.BC26_Init)
    BusFault_Handler                         0x08001d41   Thumb Code     4  stm32f10x_it.o(i.BusFault_Handler)
    Clear_Buffer                             0x08001d45   Thumb Code    38  bc26.o(i.Clear_Buffer)
    DMA_Cmd                                  0x08001d75   Thumb Code    24  stm32f10x_dma.o(i.DMA_Cmd)
    DMA_DeInit                               0x08001d8d   Thumb Code   324  stm32f10x_dma.o(i.DMA_DeInit)
    DMA_Init                                 0x08001ed9   Thumb Code    60  stm32f10x_dma.o(i.DMA_Init)
    DS18B20_Check                            0x08001f15   Thumb Code    92  ds18b20.o(i.DS18B20_Check)
    DS18B20_Get_Temp                         0x08001f79   Thumb Code   136  ds18b20.o(i.DS18B20_Get_Temp)
    DS18B20_Init                             0x08002005   Thumb Code    54  ds18b20.o(i.DS18B20_Init)
    DS18B20_Read_Bit                         0x08002045   Thumb Code    96  ds18b20.o(i.DS18B20_Read_Bit)
    DS18B20_Read_Byte                        0x080020b1   Thumb Code    34  ds18b20.o(i.DS18B20_Read_Byte)
    DS18B20_Rst                              0x080020d5   Thumb Code    54  ds18b20.o(i.DS18B20_Rst)
    DS18B20_Start                            0x08002119   Thumb Code    24  ds18b20.o(i.DS18B20_Start)
    DS18B20_Write_Byte                       0x08002131   Thumb Code   102  ds18b20.o(i.DS18B20_Write_Byte)
    DebugMon_Handler                         0x080021a5   Thumb Code     2  stm32f10x_it.o(i.DebugMon_Handler)
    GPIO_Configuration                       0x080021a9   Thumb Code    78  main.o(i.GPIO_Configuration)
    GPIO_Init                                0x08002201   Thumb Code   278  stm32f10x_gpio.o(i.GPIO_Init)
    GPIO_PinRemapConfig                      0x08002319   Thumb Code   138  stm32f10x_gpio.o(i.GPIO_PinRemapConfig)
    GPIO_SetBits                             0x080023a9   Thumb Code     4  stm32f10x_gpio.o(i.GPIO_SetBits)
    Get_Adc                                  0x080023ad   Thumb Code    46  adc.o(i.Get_Adc)
    Get_Adc_Average                          0x080023e1   Thumb Code    46  adc.o(i.Get_Adc_Average)
    HardFault_Handler                        0x0800240f   Thumb Code     4  stm32f10x_it.o(i.HardFault_Handler)
    IWDG_Enable                              0x08002415   Thumb Code    10  stm32f10x_iwdg.o(i.IWDG_Enable)
    IWDG_Feed                                0x08002425   Thumb Code     8  wdg.o(i.IWDG_Feed)
    IWDG_Init                                0x0800242d   Thumb Code    36  wdg.o(i.IWDG_Init)
    IWDG_ReloadCounter                       0x08002451   Thumb Code    10  stm32f10x_iwdg.o(i.IWDG_ReloadCounter)
    IWDG_SetPrescaler                        0x08002461   Thumb Code     6  stm32f10x_iwdg.o(i.IWDG_SetPrescaler)
    IWDG_SetReload                           0x0800246d   Thumb Code     6  stm32f10x_iwdg.o(i.IWDG_SetReload)
    IWDG_WriteAccessCmd                      0x08002479   Thumb Code     6  stm32f10x_iwdg.o(i.IWDG_WriteAccessCmd)
    MQTT_Init                                0x08002485   Thumb Code   128  bc26.o(i.MQTT_Init)
    MemManage_Handler                        0x080025d9   Thumb Code     4  stm32f10x_it.o(i.MemManage_Handler)
    Mqttaliyun_Savedata                      0x080025dd   Thumb Code    64  bc26.o(i.Mqttaliyun_Savedata)
    NMI_Handler                              0x08002621   Thumb Code     2  stm32f10x_it.o(i.NMI_Handler)
    NVIC_Init                                0x08002625   Thumb Code   100  misc.o(i.NVIC_Init)
    NVIC_PriorityGroupConfig                 0x08002695   Thumb Code    10  misc.o(i.NVIC_PriorityGroupConfig)
    OPEN_BC26                                0x080026a9   Thumb Code   188  main.o(i.OPEN_BC26)
    PH_Value_Conversion                      0x080027ad   Thumb Code   276  main.o(i.PH_Value_Conversion)
    PendSV_Handler                           0x080028fd   Thumb Code     2  stm32f10x_it.o(i.PendSV_Handler)
    RCC_ADCCLKConfig                         0x08002901   Thumb Code    18  stm32f10x_rcc.o(i.RCC_ADCCLKConfig)
    RCC_AHBPeriphClockCmd                    0x08002919   Thumb Code    26  stm32f10x_rcc.o(i.RCC_AHBPeriphClockCmd)
    RCC_APB1PeriphClockCmd                   0x08002939   Thumb Code    26  stm32f10x_rcc.o(i.RCC_APB1PeriphClockCmd)
    RCC_APB1PeriphResetCmd                   0x08002959   Thumb Code    26  stm32f10x_rcc.o(i.RCC_APB1PeriphResetCmd)
    RCC_APB2PeriphClockCmd                   0x08002979   Thumb Code    26  stm32f10x_rcc.o(i.RCC_APB2PeriphClockCmd)
    RCC_APB2PeriphResetCmd                   0x08002999   Thumb Code    26  stm32f10x_rcc.o(i.RCC_APB2PeriphResetCmd)
    RCC_GetClocksFreq                        0x080029b9   Thumb Code   192  stm32f10x_rcc.o(i.RCC_GetClocksFreq)
    SVC_Handler                              0x08002a8d   Thumb Code     2  stm32f10x_it.o(i.SVC_Handler)
    SysTick_CLKSourceConfig                  0x08002b79   Thumb Code    40  misc.o(i.SysTick_CLKSourceConfig)
    SysTick_Handler                          0x08002ba1   Thumb Code     2  stm32f10x_it.o(i.SysTick_Handler)
    SystemInit                               0x08002ba5   Thumb Code    78  system_stm32f10x.o(i.SystemInit)
    TEMP_Value_Conversion                    0x08002c05   Thumb Code    48  main.o(i.TEMP_Value_Conversion)
    TIM3_IRQHandler                          0x08002c49   Thumb Code    58  timer.o(i.TIM3_IRQHandler)
    TIM4_IRQHandler                          0x08002c91   Thumb Code    22  timer.o(i.TIM4_IRQHandler)
    TIM_ClearITPendingBit                    0x08002cad   Thumb Code     6  stm32f10x_tim.o(i.TIM_ClearITPendingBit)
    TIM_Cmd                                  0x08002cb3   Thumb Code    24  stm32f10x_tim.o(i.TIM_Cmd)
    TIM_GetITStatus                          0x08002ccb   Thumb Code    34  stm32f10x_tim.o(i.TIM_GetITStatus)
    TU_Value_Conversion                      0x08002ced   Thumb Code   224  main.o(i.TU_Value_Conversion)
    USART1_IRQHandler                        0x08002e15   Thumb Code    24  usart.o(i.USART1_IRQHandler)
    USART2_IRQHandler                        0x08002e31   Thumb Code    62  usart.o(i.USART2_IRQHandler)
    USART3_IRQHandler                        0x08002e7d   Thumb Code    24  usart.o(i.USART3_IRQHandler)
    USART_Cmd                                0x08002e99   Thumb Code    24  stm32f10x_usart.o(i.USART_Cmd)
    USART_DeInit                             0x08002eb1   Thumb Code   134  stm32f10x_usart.o(i.USART_DeInit)
    USART_GetITStatus                        0x08002f4d   Thumb Code    84  stm32f10x_usart.o(i.USART_GetITStatus)
    USART_ITConfig                           0x08002fa1   Thumb Code    74  stm32f10x_usart.o(i.USART_ITConfig)
    USART_Init                               0x08002fed   Thumb Code   210  stm32f10x_usart.o(i.USART_Init)
    USART_ReceiveData                        0x080030c5   Thumb Code    10  stm32f10x_usart.o(i.USART_ReceiveData)
    Uart1_SendStr                            0x080030d1   Thumb Code    34  usart.o(i.Uart1_SendStr)
    UsageFault_Handler                       0x080030f9   Thumb Code     4  stm32f10x_it.o(i.UsageFault_Handler)
    __ARM_fpclassify                         0x080030fd   Thumb Code    40  fpclassify.o(i.__ARM_fpclassify)
    _is_digit                                0x08003125   Thumb Code    14  __printf_wp.o(i._is_digit)
    _sys_exit                                0x08003133   Thumb Code     4  usart.o(i._sys_exit)
    aliyunMQTT_PUBdata                       0x08003139   Thumb Code   124  bc26.o(i.aliyunMQTT_PUBdata)
    delay_init                               0x0800321d   Thumb Code    50  delay.o(i.delay_init)
    delay_ms                                 0x08003261   Thumb Code    72  delay.o(i.delay_ms)
    delay_us                                 0x080032ad   Thumb Code    72  delay.o(i.delay_us)
    fputc                                    0x080032f9   Thumb Code    24  usart.o(i.fputc)
    main                                     0x08003315   Thumb Code   212  main.o(i.main)
    uart2_init                               0x0800342d   Thumb Code   160  usart.o(i.uart2_init)
    uart_init                                0x080034d5   Thumb Code   158  usart.o(i.uart_init)
    _get_lc_numeric                          0x0800357d   Thumb Code    44  lc_numeric_c.o(locale$$code)
    _get_lc_ctype                            0x080035a9   Thumb Code    44  lc_ctype_c.o(locale$$code)
    __aeabi_d2f                              0x080035d5   Thumb Code     0  d2f.o(x$fpl$d2f)
    _d2f                                     0x080035d5   Thumb Code    98  d2f.o(x$fpl$d2f)
    __aeabi_dadd                             0x08003639   Thumb Code     0  daddsub_clz.o(x$fpl$dadd)
    _dadd                                    0x08003639   Thumb Code   332  daddsub_clz.o(x$fpl$dadd)
    __fpl_dcmp_Inf                           0x08003789   Thumb Code    24  dcmpi.o(x$fpl$dcmpinf)
    __aeabi_ddiv                             0x080037a1   Thumb Code     0  ddiv.o(x$fpl$ddiv)
    _ddiv                                    0x080037a1   Thumb Code   552  ddiv.o(x$fpl$ddiv)
    __aeabi_d2iz                             0x08003a51   Thumb Code     0  dfix.o(x$fpl$dfix)
    _dfix                                    0x08003a51   Thumb Code    94  dfix.o(x$fpl$dfix)
    __aeabi_cdcmple                          0x08003ab1   Thumb Code     0  dleqf.o(x$fpl$dleqf)
    _dcmple                                  0x08003ab1   Thumb Code   120  dleqf.o(x$fpl$dleqf)
    __fpl_dcmple_InfNaN                      0x08003b13   Thumb Code     0  dleqf.o(x$fpl$dleqf)
    __aeabi_dmul                             0x08003b29   Thumb Code     0  dmul.o(x$fpl$dmul)
    _dmul                                    0x08003b29   Thumb Code   332  dmul.o(x$fpl$dmul)
    __fpl_dnaninf                            0x08003c7d   Thumb Code   156  dnaninf.o(x$fpl$dnaninf)
    __fpl_dretinf                            0x08003d19   Thumb Code    12  dretinf.o(x$fpl$dretinf)
    __aeabi_cdrcmple                         0x08003d25   Thumb Code     0  drleqf.o(x$fpl$drleqf)
    _drcmple                                 0x08003d25   Thumb Code   108  drleqf.o(x$fpl$drleqf)
    __aeabi_dsub                             0x08003d91   Thumb Code     0  daddsub_clz.o(x$fpl$dsub)
    _dsub                                    0x08003d91   Thumb Code   464  daddsub_clz.o(x$fpl$dsub)
    __aeabi_f2d                              0x08003f65   Thumb Code     0  f2d.o(x$fpl$f2d)
    _f2d                                     0x08003f65   Thumb Code    86  f2d.o(x$fpl$f2d)
    __aeabi_fadd                             0x08003fbd   Thumb Code     0  faddsub_clz.o(x$fpl$fadd)
    _fadd                                    0x08003fbd   Thumb Code   196  faddsub_clz.o(x$fpl$fadd)
    __fpl_fcmp_Inf                           0x08004081   Thumb Code    24  fcmpi.o(x$fpl$fcmpinf)
    __aeabi_fdiv                             0x08004099   Thumb Code     0  fdiv.o(x$fpl$fdiv)
    _fdiv                                    0x08004099   Thumb Code   384  fdiv.o(x$fpl$fdiv)
    __aeabi_f2uiz                            0x0800421d   Thumb Code     0  ffixu.o(x$fpl$ffixu)
    _ffixu                                   0x0800421d   Thumb Code    62  ffixu.o(x$fpl$ffixu)
    __aeabi_i2f                              0x0800425d   Thumb Code     0  fflt_clz.o(x$fpl$fflt)
    _fflt                                    0x0800425d   Thumb Code    48  fflt_clz.o(x$fpl$fflt)
    __aeabi_ui2f                             0x0800428d   Thumb Code     0  fflt_clz.o(x$fpl$ffltu)
    _ffltu                                   0x0800428d   Thumb Code    38  fflt_clz.o(x$fpl$ffltu)
    __aeabi_cfcmple                          0x080042b5   Thumb Code     0  fleqf.o(x$fpl$fleqf)
    _fcmple                                  0x080042b5   Thumb Code   104  fleqf.o(x$fpl$fleqf)
    __fpl_fcmple_InfNaN                      0x08004307   Thumb Code     0  fleqf.o(x$fpl$fleqf)
    __aeabi_fmul                             0x0800431d   Thumb Code     0  fmul.o(x$fpl$fmul)
    _fmul                                    0x0800431d   Thumb Code   258  fmul.o(x$fpl$fmul)
    __fpl_fnaninf                            0x0800441f   Thumb Code   140  fnaninf.o(x$fpl$fnaninf)
    __fpl_fretinf                            0x080044ab   Thumb Code    10  fretinf.o(x$fpl$fretinf)
    __aeabi_cfrcmple                         0x080044b5   Thumb Code     0  frleqf.o(x$fpl$frleqf)
    _frcmple                                 0x080044b5   Thumb Code    98  frleqf.o(x$fpl$frleqf)
    __aeabi_fsub                             0x08004519   Thumb Code     0  faddsub_clz.o(x$fpl$fsub)
    _fsub                                    0x08004519   Thumb Code   234  faddsub_clz.o(x$fpl$fsub)
    _printf_fp_dec                           0x08004603   Thumb Code     4  printf1.o(x$fpl$printf1)
    __I$use$fp                               0x08004606   Number         0  usenofp.o(x$fpl$usenofp)
    Region$$Table$$Base                      0x08004780   Number         0  anon$$obj.o(Region$$Table)
    Region$$Table$$Limit                     0x080047a0   Number         0  anon$$obj.o(Region$$Table)
    __ctype                                  0x080047c9   Data           0  lc_ctype_c.o(locale$$data)
    GPIO_InitStructure                       0x20000000   Data           4  main.o(.data)
    AD_CHANNEL                               0x20000004   Data           1  main.o(.data)
    PH_num                                   0x20000008   Data           4  main.o(.data)
    PU_V                                     0x2000000c   Data           4  main.o(.data)
    PH_Value                                 0x20000010   Data           4  main.o(.data)
    ph_temp                                  0x20000014   Data           1  main.o(.data)
    tu_temp                                  0x20000015   Data           1  main.o(.data)
    ph_result                                0x20000016   Data           2  main.o(.data)
    tu_result                                0x20000018   Data           2  main.o(.data)
    TDS                                      0x2000001c   Data           4  main.o(.data)
    TDS_voltage                              0x20000020   Data           4  main.o(.data)
    TDS_value                                0x20000024   Data           4  main.o(.data)
    voltage_value                            0x20000028   Data           4  main.o(.data)
    temp_data                                0x2000002c   Data           4  main.o(.data)
    compensationCoefficient                  0x20000030   Data           4  main.o(.data)
    compensationVolatge                      0x20000034   Data           4  main.o(.data)
    kValue                                   0x20000038   Data           4  main.o(.data)
    TEMP_Value                               0x2000003c   Data           4  main.o(.data)
    TU                                       0x20000040   Data           4  main.o(.data)
    TU_value                                 0x20000044   Data           4  main.o(.data)
    TU_calibration                           0x20000048   Data           4  main.o(.data)
    K_Value                                  0x2000004c   Data           4  main.o(.data)
    SystemCoreClock                          0x20000050   Data           4  system_stm32f10x.o(.data)
    AHBPrescTable                            0x20000054   Data          16  system_stm32f10x.o(.data)
    uart1_getok                              0x20000068   Data           1  usart.o(.data)
    __stdout                                 0x2000006c   Data           4  usart.o(.data)
    RxCounter                                0x20000070   Data           1  usart.o(.data)
    RxCounter1                               0x20000071   Data           1  usart.o(.data)
    USART_RX_STA                             0x20000072   Data           2  usart.o(.data)
    ADC_ConvertedValue                       0x20000088   Data           8  adc.o(.data)
    strx                                     0x20000090   Data           4  bc26.o(.data)
    extstrx                                  0x20000094   Data           4  bc26.o(.data)
    Timeout                                  0x20000098   Data           1  timer.o(.data)
    restflag                                 0x20000099   Data           1  timer.o(.data)
    ADC_ConvertedValueLocal                  0x2000009c   Data          16  main.o(.bss)
    RxBuffer                                 0x200000ac   Data         100  usart.o(.bss)
    RxBuffer1                                0x20000110   Data         100  usart.o(.bss)
    BC26_Status                              0x20000174   Data         115  bc26.o(.bss)
    __libspace_start                         0x200001e8   Data          96  libspace.o(.bss)
    __temporary_stack_top$libspace           0x20000248   Data           0  libspace.o(.bss)



==============================================================================

Memory Map of the image

  Image Entry point : 0x0800022d

  Load Region LR_1 (Base: 0x08000000, Size: 0x00004968, Max: 0xffffffff, ABSOLUTE)

    Execution Region ER_RO (Base: 0x08000000, Size: 0x000048cc, Max: 0xffffffff, ABSOLUTE)

    Base Addr    Size         Type   Attr      Idx    E Section Name        Object

    0x08000000   0x00000130   Data   RO          454    RESET               startup_stm32f10x_hd.o
    0x08000130   0x00000008   Code   RO         3745  * !!!main             c_w.l(__main.o)
    0x08000138   0x00000034   Code   RO         4036    !!!scatter          c_w.l(__scatter.o)
    0x0800016c   0x0000001a   Code   RO         4038    !!handler_copy      c_w.l(__scatter_copy.o)
    0x08000186   0x00000002   PAD
    0x08000188   0x0000001c   Code   RO         4040    !!handler_zi        c_w.l(__scatter_zi.o)
    0x080001a4   0x00000000   Code   RO         3733    .ARM.Collect$$_printf_percent$$00000000  c_w.l(_printf_percent.o)
    0x080001a4   0x00000006   Code   RO         3732    .ARM.Collect$$_printf_percent$$00000003  c_w.l(_printf_f.o)
    0x080001aa   0x00000006   Code   RO         3729    .ARM.Collect$$_printf_percent$$00000008  c_w.l(_printf_i.o)
    0x080001b0   0x00000006   Code   RO         3730    .ARM.Collect$$_printf_percent$$00000009  c_w.l(_printf_d.o)
    0x080001b6   0x00000006   Code   RO         3731    .ARM.Collect$$_printf_percent$$0000000A  c_w.l(_printf_u.o)
    0x080001bc   0x00000006   Code   RO         3728    .ARM.Collect$$_printf_percent$$0000000B  c_w.l(_printf_o.o)
    0x080001c2   0x00000006   Code   RO         3727    .ARM.Collect$$_printf_percent$$0000000C  c_w.l(_printf_x.o)
    0x080001c8   0x0000000a   Code   RO         3817    .ARM.Collect$$_printf_percent$$00000012  c_w.l(_printf_l.o)
    0x080001d2   0x00000006   Code   RO         3725    .ARM.Collect$$_printf_percent$$00000013  c_w.l(_printf_c.o)
    0x080001d8   0x00000006   Code   RO         3726    .ARM.Collect$$_printf_percent$$00000014  c_w.l(_printf_s.o)
    0x080001de   0x00000006   Code   RO         3734    .ARM.Collect$$_printf_percent$$00000015  c_w.l(_printf_lc.o)
    0x080001e4   0x00000004   Code   RO         3816    .ARM.Collect$$_printf_percent$$00000017  c_w.l(_printf_percent_end.o)
    0x080001e8   0x00000002   Code   RO         3914    .ARM.Collect$$libinit$$00000000  c_w.l(libinit.o)
    0x080001ea   0x00000000   Code   RO         3916    .ARM.Collect$$libinit$$00000002  c_w.l(libinit2.o)
    0x080001ea   0x00000000   Code   RO         3918    .ARM.Collect$$libinit$$00000004  c_w.l(libinit2.o)
    0x080001ea   0x00000000   Code   RO         3921    .ARM.Collect$$libinit$$0000000A  c_w.l(libinit2.o)
    0x080001ea   0x00000000   Code   RO         3923    .ARM.Collect$$libinit$$0000000C  c_w.l(libinit2.o)
    0x080001ea   0x00000000   Code   RO         3925    .ARM.Collect$$libinit$$0000000E  c_w.l(libinit2.o)
    0x080001ea   0x00000006   Code   RO         3926    .ARM.Collect$$libinit$$0000000F  c_w.l(libinit2.o)
    0x080001f0   0x00000000   Code   RO         3928    .ARM.Collect$$libinit$$00000011  c_w.l(libinit2.o)
    0x080001f0   0x0000000c   Code   RO         3929    .ARM.Collect$$libinit$$00000012  c_w.l(libinit2.o)
    0x080001fc   0x00000000   Code   RO         3930    .ARM.Collect$$libinit$$00000013  c_w.l(libinit2.o)
    0x080001fc   0x00000000   Code   RO         3932    .ARM.Collect$$libinit$$00000015  c_w.l(libinit2.o)
    0x080001fc   0x0000000a   Code   RO         3933    .ARM.Collect$$libinit$$00000016  c_w.l(libinit2.o)
    0x08000206   0x00000000   Code   RO         3934    .ARM.Collect$$libinit$$00000017  c_w.l(libinit2.o)
    0x08000206   0x00000000   Code   RO         3936    .ARM.Collect$$libinit$$00000019  c_w.l(libinit2.o)
    0x08000206   0x00000000   Code   RO         3938    .ARM.Collect$$libinit$$0000001B  c_w.l(libinit2.o)
    0x08000206   0x00000000   Code   RO         3940    .ARM.Collect$$libinit$$0000001D  c_w.l(libinit2.o)
    0x08000206   0x00000000   Code   RO         3942    .ARM.Collect$$libinit$$0000001F  c_w.l(libinit2.o)
    0x08000206   0x00000000   Code   RO         3944    .ARM.Collect$$libinit$$00000021  c_w.l(libinit2.o)
    0x08000206   0x00000000   Code   RO         3946    .ARM.Collect$$libinit$$00000023  c_w.l(libinit2.o)
    0x08000206   0x00000000   Code   RO         3948    .ARM.Collect$$libinit$$00000025  c_w.l(libinit2.o)
    0x08000206   0x00000000   Code   RO         3952    .ARM.Collect$$libinit$$0000002C  c_w.l(libinit2.o)
    0x08000206   0x00000000   Code   RO         3954    .ARM.Collect$$libinit$$0000002E  c_w.l(libinit2.o)
    0x08000206   0x00000000   Code   RO         3956    .ARM.Collect$$libinit$$00000030  c_w.l(libinit2.o)
    0x08000206   0x00000000   Code   RO         3958    .ARM.Collect$$libinit$$00000032  c_w.l(libinit2.o)
    0x08000206   0x00000002   Code   RO         3959    .ARM.Collect$$libinit$$00000033  c_w.l(libinit2.o)
    0x08000208   0x00000002   Code   RO         3987    .ARM.Collect$$libshutdown$$00000000  c_w.l(libshutdown.o)
    0x0800020a   0x00000000   Code   RO         3997    .ARM.Collect$$libshutdown$$00000003  c_w.l(libshutdown2.o)
    0x0800020a   0x00000000   Code   RO         4000    .ARM.Collect$$libshutdown$$00000006  c_w.l(libshutdown2.o)
    0x0800020a   0x00000000   Code   RO         4003    .ARM.Collect$$libshutdown$$00000009  c_w.l(libshutdown2.o)
    0x0800020a   0x00000000   Code   RO         4005    .ARM.Collect$$libshutdown$$0000000B  c_w.l(libshutdown2.o)
    0x0800020a   0x00000000   Code   RO         4008    .ARM.Collect$$libshutdown$$0000000E  c_w.l(libshutdown2.o)
    0x0800020a   0x00000002   Code   RO         4009    .ARM.Collect$$libshutdown$$0000000F  c_w.l(libshutdown2.o)
    0x0800020c   0x00000000   Code   RO         3801    .ARM.Collect$$rtentry$$00000000  c_w.l(__rtentry.o)
    0x0800020c   0x00000000   Code   RO         3834    .ARM.Collect$$rtentry$$00000002  c_w.l(__rtentry2.o)
    0x0800020c   0x00000006   Code   RO         3846    .ARM.Collect$$rtentry$$00000004  c_w.l(__rtentry4.o)
    0x08000212   0x00000000   Code   RO         3836    .ARM.Collect$$rtentry$$00000009  c_w.l(__rtentry2.o)
    0x08000212   0x00000004   Code   RO         3837    .ARM.Collect$$rtentry$$0000000A  c_w.l(__rtentry2.o)
    0x08000216   0x00000000   Code   RO         3839    .ARM.Collect$$rtentry$$0000000C  c_w.l(__rtentry2.o)
    0x08000216   0x00000008   Code   RO         3840    .ARM.Collect$$rtentry$$0000000D  c_w.l(__rtentry2.o)
    0x0800021e   0x00000002   Code   RO         3960    .ARM.Collect$$rtexit$$00000000  c_w.l(rtexit.o)
    0x08000220   0x00000000   Code   RO         3967    .ARM.Collect$$rtexit$$00000002  c_w.l(rtexit2.o)
    0x08000220   0x00000004   Code   RO         3968    .ARM.Collect$$rtexit$$00000003  c_w.l(rtexit2.o)
    0x08000224   0x00000006   Code   RO         3969    .ARM.Collect$$rtexit$$00000004  c_w.l(rtexit2.o)
    0x0800022a   0x00000002   PAD
    0x0800022c   0x00000040   Code   RO          455  * .text               startup_stm32f10x_hd.o
    0x0800026c   0x00000002   Code   RO         3655    .text               c_w.l(use_no_semi_2.o)
    0x0800026e   0x00000002   PAD
    0x08000270   0x00000018   Code   RO         3661    .text               c_w.l(noretval__2printf.o)
    0x08000288   0x00000028   Code   RO         3663    .text               c_w.l(noretval__2sprintf.o)
    0x080002b0   0x0000004e   Code   RO         3667    .text               c_w.l(_printf_pad.o)
    0x080002fe   0x00000024   Code   RO         3669    .text               c_w.l(_printf_truncate.o)
    0x08000322   0x00000052   Code   RO         3671    .text               c_w.l(_printf_str.o)
    0x08000374   0x00000078   Code   RO         3673    .text               c_w.l(_printf_dec.o)
    0x080003ec   0x000000bc   Code   RO         3675    .text               c_w.l(_printf_wctomb.o)
    0x080004a8   0x00000054   Code   RO         3680    .text               c_w.l(_printf_oct_int.o)
    0x080004fc   0x00000058   Code   RO         3687    .text               c_w.l(_printf_hex_int.o)
    0x08000554   0x00000188   Code   RO         3722    .text               c_w.l(__printf_flags_ss_wp.o)
    0x080006dc   0x00000024   Code   RO         3735    .text               c_w.l(strstr.o)
    0x08000700   0x0000003e   Code   RO         3737    .text               c_w.l(strlen.o)
    0x0800073e   0x0000008a   Code   RO         3739    .text               c_w.l(rt_memcpy_v6.o)
    0x080007c8   0x00000064   Code   RO         3741    .text               c_w.l(rt_memcpy_w.o)
    0x0800082c   0x00000006   Code   RO         3743    .text               c_w.l(heapauxi.o)
    0x08000832   0x00000002   Code   RO         3799    .text               c_w.l(use_no_semi.o)
    0x08000834   0x000000b2   Code   RO         3802    .text               c_w.l(_printf_intcommon.o)
    0x080008e6   0x0000041a   Code   RO         3804    .text               c_w.l(_printf_fp_dec.o)
    0x08000d00   0x00000030   Code   RO         3806    .text               c_w.l(_printf_char_common.o)
    0x08000d30   0x0000000a   Code   RO         3808    .text               c_w.l(_sputc.o)
    0x08000d3a   0x0000002c   Code   RO         3810    .text               c_w.l(_printf_char.o)
    0x08000d66   0x00000002   PAD
    0x08000d68   0x00000024   Code   RO         3812    .text               c_w.l(_printf_char_file.o)
    0x08000d8c   0x0000002c   Code   RO         3814    .text               c_w.l(_printf_wchar.o)
    0x08000db8   0x00000040   Code   RO         3818    .text               c_w.l(_wcrtomb.o)
    0x08000df8   0x00000010   Code   RO         3848    .text               c_w.l(rt_ctype_table.o)
    0x08000e08   0x00000008   Code   RO         3853    .text               c_w.l(rt_locale_intlibspace.o)
    0x08000e10   0x0000008a   Code   RO         3855    .text               c_w.l(lludiv10.o)
    0x08000e9a   0x00000002   PAD
    0x08000e9c   0x00000080   Code   RO         3857    .text               c_w.l(_printf_fp_infnan.o)
    0x08000f1c   0x000000dc   Code   RO         3861    .text               c_w.l(bigflt0.o)
    0x08000ff8   0x00000008   Code   RO         3886    .text               c_w.l(ferror.o)
    0x08001000   0x00000008   Code   RO         3897    .text               c_w.l(libspace.o)
    0x08001008   0x0000004a   Code   RO         3900    .text               c_w.l(sys_stackheap_outer.o)
    0x08001052   0x0000000c   Code   RO         3905    .text               c_w.l(exit.o)
    0x0800105e   0x00000002   PAD
    0x08001060   0x00000080   Code   RO         3907    .text               c_w.l(strcmpv7m.o)
    0x080010e0   0x0000003e   Code   RO         3864    CL$$btod_d2e        c_w.l(btod.o)
    0x0800111e   0x00000046   Code   RO         3866    CL$$btod_d2e_denorm_low  c_w.l(btod.o)
    0x08001164   0x00000060   Code   RO         3865    CL$$btod_d2e_norm_op1  c_w.l(btod.o)
    0x080011c4   0x00000338   Code   RO         3874    CL$$btod_div_common  c_w.l(btod.o)
    0x080014fc   0x000000c6   Code   RO         3871    CL$$btod_e2e        c_w.l(btod.o)
    0x080015c2   0x00000028   Code   RO         3868    CL$$btod_ediv       c_w.l(btod.o)
    0x080015ea   0x00000028   Code   RO         3867    CL$$btod_emul       c_w.l(btod.o)
    0x08001612   0x00000244   Code   RO         3873    CL$$btod_mult_common  c_w.l(btod.o)
    0x08001856   0x00000016   Code   RO          501    i.ADC_Cmd           stm32f10x_adc.o
    0x0800186c   0x00000016   Code   RO          502    i.ADC_DMACmd        stm32f10x_adc.o
    0x08001882   0x00000014   Code   RO          509    i.ADC_GetCalibrationStatus  stm32f10x_adc.o
    0x08001896   0x00000008   Code   RO          510    i.ADC_GetConversionValue  stm32f10x_adc.o
    0x0800189e   0x00000012   Code   RO          512    i.ADC_GetFlagStatus  stm32f10x_adc.o
    0x080018b0   0x00000014   Code   RO          515    i.ADC_GetResetCalibrationStatus  stm32f10x_adc.o
    0x080018c4   0x00000050   Code   RO          519    i.ADC_Init          stm32f10x_adc.o
    0x08001914   0x000000b8   Code   RO          523    i.ADC_RegularChannelConfig  stm32f10x_adc.o
    0x080019cc   0x0000000a   Code   RO          524    i.ADC_ResetCalibration  stm32f10x_adc.o
    0x080019d6   0x00000016   Code   RO          526    i.ADC_SoftwareStartConvCmd  stm32f10x_adc.o
    0x080019ec   0x0000000a   Code   RO          528    i.ADC_StartCalibration  stm32f10x_adc.o
    0x080019f6   0x00000002   PAD
    0x080019f8   0x00000024   Code   RO         3426    i.ADCx_GPIO_Config  adc.o
    0x08001a1c   0x0000000c   Code   RO         3427    i.ADCx_Init         adc.o
    0x08001a28   0x00000118   Code   RO         3428    i.ADCx_Mode_Config  adc.o
    0x08001b40   0x00000200   Code   RO         3465    i.BC26_Init         bc26.o
    0x08001d40   0x00000004   Code   RO          177    i.BusFault_Handler  stm32f10x_it.o
    0x08001d44   0x00000030   Code   RO         3469    i.Clear_Buffer      bc26.o
    0x08001d74   0x00000018   Code   RO         1186    i.DMA_Cmd           stm32f10x_dma.o
    0x08001d8c   0x0000014c   Code   RO         1187    i.DMA_DeInit        stm32f10x_dma.o
    0x08001ed8   0x0000003c   Code   RO         1192    i.DMA_Init          stm32f10x_dma.o
    0x08001f14   0x00000064   Code   RO         3535    i.DS18B20_Check     ds18b20.o
    0x08001f78   0x0000008c   Code   RO         3536    i.DS18B20_Get_Temp  ds18b20.o
    0x08002004   0x00000040   Code   RO         3537    i.DS18B20_Init      ds18b20.o
    0x08002044   0x0000006c   Code   RO         3538    i.DS18B20_Read_Bit  ds18b20.o
    0x080020b0   0x00000022   Code   RO         3539    i.DS18B20_Read_Byte  ds18b20.o
    0x080020d2   0x00000002   PAD
    0x080020d4   0x00000044   Code   RO         3540    i.DS18B20_Rst       ds18b20.o
    0x08002118   0x00000018   Code   RO         3541    i.DS18B20_Start     ds18b20.o
    0x08002130   0x00000074   Code   RO         3542    i.DS18B20_Write_Byte  ds18b20.o
    0x080021a4   0x00000002   Code   RO          178    i.DebugMon_Handler  stm32f10x_it.o
    0x080021a6   0x00000002   PAD
    0x080021a8   0x00000058   Code   RO            1    i.GPIO_Configuration  main.o
    0x08002200   0x00000116   Code   RO         1610    i.GPIO_Init         stm32f10x_gpio.o
    0x08002316   0x00000002   PAD
    0x08002318   0x00000090   Code   RO         1612    i.GPIO_PinRemapConfig  stm32f10x_gpio.o
    0x080023a8   0x00000004   Code   RO         1618    i.GPIO_SetBits      stm32f10x_gpio.o
    0x080023ac   0x00000034   Code   RO         3429    i.Get_Adc           adc.o
    0x080023e0   0x0000002e   Code   RO         3430    i.Get_Adc_Average   adc.o
    0x0800240e   0x00000004   Code   RO          179    i.HardFault_Handler  stm32f10x_it.o
    0x08002412   0x00000002   PAD
    0x08002414   0x00000010   Code   RO         1922    i.IWDG_Enable       stm32f10x_iwdg.o
    0x08002424   0x00000008   Code   RO         3635    i.IWDG_Feed         wdg.o
    0x0800242c   0x00000024   Code   RO         3636    i.IWDG_Init         wdg.o
    0x08002450   0x00000010   Code   RO         1924    i.IWDG_ReloadCounter  stm32f10x_iwdg.o
    0x08002460   0x0000000c   Code   RO         1925    i.IWDG_SetPrescaler  stm32f10x_iwdg.o
    0x0800246c   0x0000000c   Code   RO         1926    i.IWDG_SetReload    stm32f10x_iwdg.o
    0x08002478   0x0000000c   Code   RO         1927    i.IWDG_WriteAccessCmd  stm32f10x_iwdg.o
    0x08002484   0x00000154   Code   RO         3470    i.MQTT_Init         bc26.o
    0x080025d8   0x00000004   Code   RO          180    i.MemManage_Handler  stm32f10x_it.o
    0x080025dc   0x00000044   Code   RO         3471    i.Mqttaliyun_Savedata  bc26.o
    0x08002620   0x00000002   Code   RO          181    i.NMI_Handler       stm32f10x_it.o
    0x08002622   0x00000002   PAD
    0x08002624   0x00000070   Code   RO          459    i.NVIC_Init         misc.o
    0x08002694   0x00000014   Code   RO          460    i.NVIC_PriorityGroupConfig  misc.o
    0x080026a8   0x00000104   Code   RO            2    i.OPEN_BC26         main.o
    0x080027ac   0x00000150   Code   RO            3    i.PH_Value_Conversion  main.o
    0x080028fc   0x00000002   Code   RO          182    i.PendSV_Handler    stm32f10x_it.o
    0x080028fe   0x00000002   PAD
    0x08002900   0x00000018   Code   RO         2024    i.RCC_ADCCLKConfig  stm32f10x_rcc.o
    0x08002918   0x00000020   Code   RO         2025    i.RCC_AHBPeriphClockCmd  stm32f10x_rcc.o
    0x08002938   0x00000020   Code   RO         2026    i.RCC_APB1PeriphClockCmd  stm32f10x_rcc.o
    0x08002958   0x00000020   Code   RO         2027    i.RCC_APB1PeriphResetCmd  stm32f10x_rcc.o
    0x08002978   0x00000020   Code   RO         2028    i.RCC_APB2PeriphClockCmd  stm32f10x_rcc.o
    0x08002998   0x00000020   Code   RO         2029    i.RCC_APB2PeriphResetCmd  stm32f10x_rcc.o
    0x080029b8   0x000000d4   Code   RO         2036    i.RCC_GetClocksFreq  stm32f10x_rcc.o
    0x08002a8c   0x00000002   Code   RO          183    i.SVC_Handler       stm32f10x_it.o
    0x08002a8e   0x00000008   Code   RO          266    i.SetSysClock       system_stm32f10x.o
    0x08002a96   0x00000002   PAD
    0x08002a98   0x000000e0   Code   RO          267    i.SetSysClockTo72   system_stm32f10x.o
    0x08002b78   0x00000028   Code   RO          463    i.SysTick_CLKSourceConfig  misc.o
    0x08002ba0   0x00000002   Code   RO          184    i.SysTick_Handler   stm32f10x_it.o
    0x08002ba2   0x00000002   PAD
    0x08002ba4   0x00000060   Code   RO          269    i.SystemInit        system_stm32f10x.o
    0x08002c04   0x00000044   Code   RO            4    i.TEMP_Value_Conversion  main.o
    0x08002c48   0x00000048   Code   RO         3601    i.TIM3_IRQHandler   timer.o
    0x08002c90   0x0000001c   Code   RO         3603    i.TIM4_IRQHandler   timer.o
    0x08002cac   0x00000006   Code   RO         2655    i.TIM_ClearITPendingBit  stm32f10x_tim.o
    0x08002cb2   0x00000018   Code   RO         2660    i.TIM_Cmd           stm32f10x_tim.o
    0x08002cca   0x00000022   Code   RO         2681    i.TIM_GetITStatus   stm32f10x_tim.o
    0x08002cec   0x00000128   Code   RO            5    i.TU_Value_Conversion  main.o
    0x08002e14   0x0000001c   Code   RO          357    i.USART1_IRQHandler  usart.o
    0x08002e30   0x0000004c   Code   RO          358    i.USART2_IRQHandler  usart.o
    0x08002e7c   0x0000001c   Code   RO          359    i.USART3_IRQHandler  usart.o
    0x08002e98   0x00000018   Code   RO         3196    i.USART_Cmd         stm32f10x_usart.o
    0x08002eb0   0x0000009c   Code   RO         3198    i.USART_DeInit      stm32f10x_usart.o
    0x08002f4c   0x00000054   Code   RO         3200    i.USART_GetITStatus  stm32f10x_usart.o
    0x08002fa0   0x0000004a   Code   RO         3202    i.USART_ITConfig    stm32f10x_usart.o
    0x08002fea   0x00000002   PAD
    0x08002fec   0x000000d8   Code   RO         3203    i.USART_Init        stm32f10x_usart.o
    0x080030c4   0x0000000a   Code   RO         3210    i.USART_ReceiveData  stm32f10x_usart.o
    0x080030ce   0x00000002   PAD
    0x080030d0   0x00000028   Code   RO          360    i.Uart1_SendStr     usart.o
    0x080030f8   0x00000004   Code   RO          185    i.UsageFault_Handler  stm32f10x_it.o
    0x080030fc   0x00000028   Code   RO         3895    i.__ARM_fpclassify  m_ws.l(fpclassify.o)
    0x08003124   0x0000000e   Code   RO         3715    i._is_digit         c_w.l(__printf_wp.o)
    0x08003132   0x00000004   Code   RO          362    i._sys_exit         usart.o
    0x08003136   0x00000002   PAD
    0x08003138   0x000000e4   Code   RO         3472    i.aliyunMQTT_PUBdata  bc26.o
    0x0800321c   0x00000044   Code   RO          300    i.delay_init        delay.o
    0x08003260   0x0000004c   Code   RO          301    i.delay_ms          delay.o
    0x080032ac   0x0000004c   Code   RO          302    i.delay_us          delay.o
    0x080032f8   0x0000001c   Code   RO          363    i.fputc             usart.o
    0x08003314   0x00000118   Code   RO            6    i.main              main.o
    0x0800342c   0x000000a8   Code   RO          364    i.uart2_init        usart.o
    0x080034d4   0x000000a8   Code   RO          366    i.uart_init         usart.o
    0x0800357c   0x0000002c   Code   RO         3891    locale$$code        c_w.l(lc_numeric_c.o)
    0x080035a8   0x0000002c   Code   RO         3903    locale$$code        c_w.l(lc_ctype_c.o)
    0x080035d4   0x00000062   Code   RO         3747    x$fpl$d2f           fz_ws.l(d2f.o)
    0x08003636   0x00000002   PAD
    0x08003638   0x00000150   Code   RO         3749    x$fpl$dadd          fz_ws.l(daddsub_clz.o)
    0x08003788   0x00000018   Code   RO         3820    x$fpl$dcmpinf       fz_ws.l(dcmpi.o)
    0x080037a0   0x000002b0   Code   RO         3756    x$fpl$ddiv          fz_ws.l(ddiv.o)
    0x08003a50   0x0000005e   Code   RO         3759    x$fpl$dfix          fz_ws.l(dfix.o)
    0x08003aae   0x00000002   PAD
    0x08003ab0   0x00000078   Code   RO         3763    x$fpl$dleqf         fz_ws.l(dleqf.o)
    0x08003b28   0x00000154   Code   RO         3765    x$fpl$dmul          fz_ws.l(dmul.o)
    0x08003c7c   0x0000009c   Code   RO         3822    x$fpl$dnaninf       fz_ws.l(dnaninf.o)
    0x08003d18   0x0000000c   Code   RO         3824    x$fpl$dretinf       fz_ws.l(dretinf.o)
    0x08003d24   0x0000006c   Code   RO         3767    x$fpl$drleqf        fz_ws.l(drleqf.o)
    0x08003d90   0x000001d4   Code   RO         3751    x$fpl$dsub          fz_ws.l(daddsub_clz.o)
    0x08003f64   0x00000056   Code   RO         3769    x$fpl$f2d           fz_ws.l(f2d.o)
    0x08003fba   0x00000002   PAD
    0x08003fbc   0x000000c4   Code   RO         3771    x$fpl$fadd          fz_ws.l(faddsub_clz.o)
    0x08004080   0x00000018   Code   RO         3826    x$fpl$fcmpinf       fz_ws.l(fcmpi.o)
    0x08004098   0x00000184   Code   RO         3778    x$fpl$fdiv          fz_ws.l(fdiv.o)
    0x0800421c   0x0000003e   Code   RO         3781    x$fpl$ffixu         fz_ws.l(ffixu.o)
    0x0800425a   0x00000002   PAD
    0x0800425c   0x00000030   Code   RO         3786    x$fpl$fflt          fz_ws.l(fflt_clz.o)
    0x0800428c   0x00000026   Code   RO         3785    x$fpl$ffltu         fz_ws.l(fflt_clz.o)
    0x080042b2   0x00000002   PAD
    0x080042b4   0x00000068   Code   RO         3791    x$fpl$fleqf         fz_ws.l(fleqf.o)
    0x0800431c   0x00000102   Code   RO         3793    x$fpl$fmul          fz_ws.l(fmul.o)
    0x0800441e   0x0000008c   Code   RO         3828    x$fpl$fnaninf       fz_ws.l(fnaninf.o)
    0x080044aa   0x0000000a   Code   RO         3830    x$fpl$fretinf       fz_ws.l(fretinf.o)
    0x080044b4   0x00000062   Code   RO         3795    x$fpl$frleqf        fz_ws.l(frleqf.o)
    0x08004516   0x00000002   PAD
    0x08004518   0x000000ea   Code   RO         3773    x$fpl$fsub          fz_ws.l(faddsub_clz.o)
    0x08004602   0x00000004   Code   RO         3797    x$fpl$printf1       fz_ws.l(printf1.o)
    0x08004606   0x00000000   Code   RO         3832    x$fpl$usenofp       fz_ws.l(usenofp.o)
    0x08004606   0x00000002   PAD
    0x08004608   0x00000008   Data   RO         3676    .constdata          c_w.l(_printf_wctomb.o)
    0x08004610   0x00000028   Data   RO         3688    .constdata          c_w.l(_printf_hex_int.o)
    0x08004638   0x00000011   Data   RO         3723    .constdata          c_w.l(__printf_flags_ss_wp.o)
    0x08004649   0x00000003   PAD
    0x0800464c   0x00000094   Data   RO         3862    .constdata          c_w.l(bigflt0.o)
    0x080046e0   0x000000a0   Data   RO         3474    .conststring        bc26.o
    0x08004780   0x00000020   Data   RO         4034    Region$$Table       anon$$obj.o
    0x080047a0   0x0000001c   Data   RO         3890    locale$$data        c_w.l(lc_numeric_c.o)
    0x080047bc   0x00000110   Data   RO         3902    locale$$data        c_w.l(lc_ctype_c.o)


    Execution Region ER_RW (Base: 0x20000000, Size: 0x0000009c, Max: 0xffffffff, ABSOLUTE)

    Base Addr    Size         Type   Attr      Idx    E Section Name        Object

    0x20000000   0x00000050   Data   RW            8    .data               main.o
    0x20000050   0x00000014   Data   RW          270    .data               system_stm32f10x.o
    0x20000064   0x00000004   Data   RW          303    .data               delay.o
    0x20000068   0x0000000c   Data   RW          368    .data               usart.o
    0x20000074   0x00000014   Data   RW         2056    .data               stm32f10x_rcc.o
    0x20000088   0x00000008   Data   RW         3431    .data               adc.o
    0x20000090   0x00000008   Data   RW         3475    .data               bc26.o
    0x20000098   0x00000002   Data   RW         3605    .data               timer.o


    Execution Region ER_ZI (Base: 0x2000009c, Size: 0x000007ac, Max: 0xffffffff, ABSOLUTE)

    Base Addr    Size         Type   Attr      Idx    E Section Name        Object

    0x2000009c   0x00000010   Zero   RW            7    .bss                main.o
    0x200000ac   0x000000c8   Zero   RW          367    .bss                usart.o
    0x20000174   0x00000073   Zero   RW         3473    .bss                bc26.o
    0x200001e7   0x00000001   PAD
    0x200001e8   0x00000060   Zero   RW         3898    .bss                c_w.l(libspace.o)
    0x20000248   0x00000200   Zero   RW          453    HEAP                startup_stm32f10x_hd.o
    0x20000448   0x00000400   Zero   RW          452    STACK               startup_stm32f10x_hd.o


==============================================================================

Image component sizes


      Code (inc. data)   RO Data    RW Data    ZI Data      Debug   Object Name

       426         22          0          8          0       3433   adc.o
      1196        470        160          8        115       4418   bc26.o
       220         26          0          4          0       1759   delay.o
       654         62          0          0          0       4768   ds18b20.o
      1328        302          0         80         16     277876   main.o
       172         22          0          0          0       2113   misc.o
        64         26        304          0       1536        808   startup_stm32f10x_hd.o
       416         10          0          0          0       8666   stm32f10x_adc.o
       416          8          0          0          0       3478   stm32f10x_dma.o
       426          6          0          0          0       3373   stm32f10x_gpio.o
        26          0          0          0          0       3838   stm32f10x_it.o
        68         30          0          0          0       2554   stm32f10x_iwdg.o
       396         56          0         20          0       6815   stm32f10x_rcc.o
        64          0          0          0          0       2332   stm32f10x_tim.o
       564         28          0          0          0       5653   stm32f10x_usart.o
         0          0          0          0          0         32   sys.o
       328         28          0         20          0       2157   system_stm32f10x.o
       100         20          0          2          0       1295   timer.o
       540         50          0         12        200       6858   usart.o
        44          0          0          0          0       1008   wdg.o

    ----------------------------------------------------------------------
      7472       1166        496        156       1868     343234   Object Totals
         0          0         32          0          0          0   (incl. Generated)
        24          0          0          2          1          0   (incl. Padding)

    ----------------------------------------------------------------------

      Code (inc. data)   RO Data    RW Data    ZI Data      Debug   Library Member Name

         8          0          0          0          0         68   __main.o
       392          4         17          0          0         92   __printf_flags_ss_wp.o
        14          0          0          0          0         68   __printf_wp.o
         0          0          0          0          0          0   __rtentry.o
        12          0          0          0          0          0   __rtentry2.o
         6          0          0          0          0          0   __rtentry4.o
        52          8          0          0          0          0   __scatter.o
        26          0          0          0          0          0   __scatter_copy.o
        28          0          0          0          0          0   __scatter_zi.o
         6          0          0          0          0          0   _printf_c.o
        44          0          0          0          0        108   _printf_char.o
        48          6          0          0          0         96   _printf_char_common.o
        36          4          0          0          0         80   _printf_char_file.o
         6          0          0          0          0          0   _printf_d.o
       120         16          0          0          0         92   _printf_dec.o
         6          0          0          0          0          0   _printf_f.o
      1050          0          0          0          0        216   _printf_fp_dec.o
       128         16          0          0          0         84   _printf_fp_infnan.o
        88          4         40          0          0         88   _printf_hex_int.o
         6          0          0          0          0          0   _printf_i.o
       178          0          0          0          0         88   _printf_intcommon.o
        10          0          0          0          0          0   _printf_l.o
         6          0          0          0          0          0   _printf_lc.o
         6          0          0          0          0          0   _printf_o.o
        84         10          0          0          0         88   _printf_oct_int.o
        78          0          0          0          0        108   _printf_pad.o
         0          0          0          0          0          0   _printf_percent.o
         4          0          0          0          0          0   _printf_percent_end.o
         6          0          0          0          0          0   _printf_s.o
        82          0          0          0          0         80   _printf_str.o
        36          0          0          0          0         84   _printf_truncate.o
         6          0          0          0          0          0   _printf_u.o
        44          0          0          0          0        108   _printf_wchar.o
       188          6          8          0          0         92   _printf_wctomb.o
         6          0          0          0          0          0   _printf_x.o
        10          0          0          0          0         68   _sputc.o
        64          0          0          0          0         92   _wcrtomb.o
       220          4        148          0          0         96   bigflt0.o
      1910        128          0          0          0        672   btod.o
        12          0          0          0          0         72   exit.o
         8          0          0          0          0         68   ferror.o
         6          0          0          0          0        152   heapauxi.o
        44         10        272          0          0         76   lc_ctype_c.o
        44         10         28          0          0         76   lc_numeric_c.o
         2          0          0          0          0          0   libinit.o
        30          0          0          0          0          0   libinit2.o
         2          0          0          0          0          0   libshutdown.o
         2          0          0          0          0          0   libshutdown2.o
         8          4          0          0         96         68   libspace.o
       138          0          0          0          0         80   lludiv10.o
        24          4          0          0          0         84   noretval__2printf.o
        40          6          0          0          0         84   noretval__2sprintf.o
        16          4          0          0          0         76   rt_ctype_table.o
         8          4          0          0          0         68   rt_locale_intlibspace.o
       138          0          0          0          0         68   rt_memcpy_v6.o
       100          0          0          0          0         80   rt_memcpy_w.o
         2          0          0          0          0          0   rtexit.o
        10          0          0          0          0          0   rtexit2.o
       128          0          0          0          0         68   strcmpv7m.o
        62          0          0          0          0         76   strlen.o
        36          0          0          0          0         80   strstr.o
        74          0          0          0          0         80   sys_stackheap_outer.o
         2          0          0          0          0         68   use_no_semi.o
         2          0          0          0          0         68   use_no_semi_2.o
        98          4          0          0          0         92   d2f.o
       804         16          0          0          0        272   daddsub_clz.o
        24          0          0          0          0         68   dcmpi.o
       688        140          0          0          0        208   ddiv.o
        94          4          0          0          0         92   dfix.o
       120          4          0          0          0         92   dleqf.o
       340         12          0          0          0        104   dmul.o
       156          4          0          0          0         92   dnaninf.o
        12          0          0          0          0         68   dretinf.o
       108          0          0          0          0         80   drleqf.o
        86          4          0          0          0         84   f2d.o
       430          8          0          0          0        168   faddsub_clz.o
        24          0          0          0          0         68   fcmpi.o
       388         76          0          0          0         96   fdiv.o
        62          4          0          0          0         84   ffixu.o
        86          0          0          0          0        136   fflt_clz.o
       104          4          0          0          0         84   fleqf.o
       258          4          0          0          0         84   fmul.o
       140          4          0          0          0         84   fnaninf.o
        10          0          0          0          0         68   fretinf.o
        98          0          0          0          0         68   frleqf.o
         4          0          0          0          0         68   printf1.o
         0          0          0          0          0          0   usenofp.o
        40          0          0          0          0         68   fpclassify.o

    ----------------------------------------------------------------------
     10152        536        516          0         96       6388   Library Totals
        26          0          3          0          0          0   (incl. Padding)

    ----------------------------------------------------------------------

      Code (inc. data)   RO Data    RW Data    ZI Data      Debug   Library Name

      5952        248        513          0         96       4060   c_w.l
      4134        288          0          0          0       2260   fz_ws.l
        40          0          0          0          0         68   m_ws.l

    ----------------------------------------------------------------------
     10152        536        516          0         96       6388   Library Totals

    ----------------------------------------------------------------------

==============================================================================


      Code (inc. data)   RO Data    RW Data    ZI Data      Debug   

     17624       1702       1012        156       1964     341454   Grand Totals
     17624       1702       1012        156       1964     341454   ELF Image Totals
     17624       1702       1012        156          0          0   ROM Totals

==============================================================================

    Total RO  Size (Code + RO Data)                18636 (  18.20kB)
    Total RW  Size (RW Data + ZI Data)              2120 (   2.07kB)
    Total ROM Size (Code + RO Data + RW Data)      18792 (  18.35kB)

==============================================================================

