<html>
<body>
<pre>
<h1>礦ision Build Log</h1>
<h2>Tool Versions:</h2>
IDE-Version: μVision V5.18.0.0
Copyright (C) 2016 ARM Ltd and ARM Germany GmbH. All rights reserved.
License Information: alientek ALIENTEK, alientek, LIC=MPPLD-8K3GM-EVF1R-KS2V3-BGK99-E07GU
 
Tool Versions:
Toolchain:       MDK-ARM Standard  Version: 5.14.0.0
Toolchain Path:  E:\BaiduNetdiskDownload\stm32\ARM\ARMCC\Bin
C Compiler:      Armcc.exe V5.05 update 1 (build 106)
Assembler:       Armasm.exe V5.05 update 1 (build 106)
Linker/Locator:  ArmLink.exe V5.05 update 1 (build 106)
Library Manager: ArmAr.exe V5.05 update 1 (build 106)
Hex Converter:   FromElf.exe V5.05 update 1 (build 106)
CPU DLL:         SARMCM3.DLL V5.14.0.0
Dialog DLL:      DARMSTM.DLL V1.65.0.0
Target DLL:      STLink\ST-LINKIII-KEIL_SWO.dll V2.0.14.0_KEIL
Dialog DLL:      TARMSTM.DLL V1.64.0.0
 
<h2>Project:</h2>
C:\Users\0\Desktop\最新\实验0-2 Template工程模板-调试章节使用\USER\Template.uvprojx
Project File Date:  02/11/2022

<h2>Output:</h2>
*** Using Compiler 'V5.05 update 1 (build 106)', folder: 'E:\BaiduNetdiskDownload\stm32\ARM\ARMCC\Bin'
Rebuild target 'Template'
compiling delay.c...
compiling stm32f10x_it.c...
assembling startup_stm32f10x_hd.s...
compiling system_stm32f10x.c...
compiling main.c...
compiling core_cm3.c...
compiling usart.c...
..\SYSTEM\usart\usart.c(210): warning:  #550-D: variable "Res" was set but never used
      char Res;
..\SYSTEM\usart\usart.c(223): warning:  #550-D: variable "Res" was set but never used
  		char Res;
..\SYSTEM\usart\usart.c(240): warning:  #550-D: variable "Res" was set but never used
  		char Res;
..\SYSTEM\usart\usart.c: 3 warnings, 0 errors
compiling misc.c...
compiling stm32f10x_bkp.c...
compiling sys.c...
compiling stm32f10x_cec.c...
compiling stm32f10x_can.c...
compiling stm32f10x_crc.c...
compiling stm32f10x_adc.c...
compiling stm32f10x_dac.c...
compiling stm32f10x_fsmc.c...
compiling stm32f10x_dbgmcu.c...
compiling stm32f10x_flash.c...
compiling stm32f10x_gpio.c...
compiling stm32f10x_exti.c...
compiling stm32f10x_dma.c...
compiling stm32f10x_i2c.c...
compiling stm32f10x_sdio.c...
compiling stm32f10x_pwr.c...
compiling stm32f10x_iwdg.c...
compiling stm32f10x_rtc.c...
compiling stm32f10x_spi.c...
compiling stm32f10x_rcc.c...
compiling stm32f10x_usart.c...
compiling BC26.c...
compiling adc.c...
compiling stm32f10x_wwdg.c...
compiling stm32f10x_tim.c...
compiling ds18b20.c...
compiling led.c...
compiling timer.c...
compiling wdg.c...
linking...
Program Size: Code=17624 RO-data=1012 RW-data=156 ZI-data=1964  
FromELF: creating hex file...
"..\OBJ\Template.axf" - 0 Error(s), 3 Warning(s).

<h2>Collection of Component include folders:</h2>
  C:\Users\0\Desktop\最新\实验0-2 Template工程模板-调试章节使用\USER\RTE
  E:\BaiduNetdiskDownload\stm32\ARM\PACK\Keil\STM32F1xx_DFP\1.0.5\Device\Include

<h2>Collection of Component Files used:</h2>
Build Time Elapsed:  00:00:08
</pre>
</body>
</html>
